../Core/Src/main.c:106:5:_write	24	static
../Core/Src/main.c:111:6:MoveRightMotor	24	static
../Core/Src/main.c:128:6:MoveLeftMotor	24	static
../Core/Src/main.c:145:6:HAL_GPIO_EXTI_Callback	16	static
../Core/Src/main.c:168:6:HAL_TIM_PeriodElapsedCallback	48	static
../Core/Src/main.c:222:5:main	32	static
../Core/Src/main.c:298:6:SystemClock_Config	96	static
../Core/Src/main.c:344:13:MX_ADC1_Init	48	static
../Core/Src/main.c:410:13:MX_TIM2_Init	64	static
../Core/Src/main.c:473:13:MX_TIM3_Init	64	static
../Core/Src/main.c:536:13:MX_TIM6_Init	24	static
../Core/Src/main.c:574:13:MX_USART2_UART_Init	8	static
../Core/Src/main.c:607:13:MX_DMA_Init	16	static
../Core/Src/main.c:628:13:MX_GPIO_Init	40	static
../Core/Src/main.c:697:6:Error_Handler	4	static,ignoring_inline_asm
