Archive member included to satisfy reference by file (symbol)

/usr/lib/gcc/arm-none-eabi/14.2.0/../../../../arm-none-eabi/lib/thumb/v7e-m+fp/hard/libstdc++_nano.a(new_op.o)
                              CMakeFiles/InvertedPendulum-STM32.dir/Core/App/Src/app_wrapper.cpp.obj (operator new(unsigned int))
/usr/lib/gcc/arm-none-eabi/14.2.0/../../../../arm-none-eabi/lib/thumb/v7e-m+fp/hard/libstdc++_nano.a(new_handler.o)
                              /usr/lib/gcc/arm-none-eabi/14.2.0/../../../../arm-none-eabi/lib/thumb/v7e-m+fp/hard/libstdc++_nano.a(new_op.o) (std::get_new_handler())
/usr/lib/gcc/arm-none-eabi/14.2.0/../../../../arm-none-eabi/lib/thumb/v7e-m+fp/hard/libm.a(libm_a-s_fmax.o)
                              CMakeFiles/InvertedPendulum-STM32.dir/Core/App/Lib/MATLAB/feedback_controller.cpp.obj (fmax)
/usr/lib/gcc/arm-none-eabi/14.2.0/../../../../arm-none-eabi/lib/thumb/v7e-m+fp/hard/libm.a(libm_a-s_fpclassify.o)
                              /usr/lib/gcc/arm-none-eabi/14.2.0/../../../../arm-none-eabi/lib/thumb/v7e-m+fp/hard/libm.a(libm_a-s_fmax.o) (__fpclassifyd)
/usr/lib/gcc/arm-none-eabi/14.2.0/../../../../arm-none-eabi/lib/thumb/v7e-m+fp/hard/libc_nano.a(libc_a-abort.o)
                              /usr/lib/gcc/arm-none-eabi/14.2.0/../../../../arm-none-eabi/lib/thumb/v7e-m+fp/hard/libstdc++_nano.a(new_op.o) (abort)
/usr/lib/gcc/arm-none-eabi/14.2.0/../../../../arm-none-eabi/lib/thumb/v7e-m+fp/hard/libc_nano.a(libc_a-atexit.o)
                              /usr/lib/gcc/arm-none-eabi/14.2.0/../../../../arm-none-eabi/lib/thumb/v7e-m+fp/hard/crt0.o (atexit)
/usr/lib/gcc/arm-none-eabi/14.2.0/../../../../arm-none-eabi/lib/thumb/v7e-m+fp/hard/libc_nano.a(libc_a-exit.o)
                              /usr/lib/gcc/arm-none-eabi/14.2.0/../../../../arm-none-eabi/lib/thumb/v7e-m+fp/hard/crt0.o (exit)
/usr/lib/gcc/arm-none-eabi/14.2.0/../../../../arm-none-eabi/lib/thumb/v7e-m+fp/hard/libc_nano.a(libc_a-malloc.o)
                              /usr/lib/gcc/arm-none-eabi/14.2.0/../../../../arm-none-eabi/lib/thumb/v7e-m+fp/hard/libstdc++_nano.a(new_op.o) (malloc)
/usr/lib/gcc/arm-none-eabi/14.2.0/../../../../arm-none-eabi/lib/thumb/v7e-m+fp/hard/libc_nano.a(libc_a-mallocr.o)
                              /usr/lib/gcc/arm-none-eabi/14.2.0/../../../../arm-none-eabi/lib/thumb/v7e-m+fp/hard/libc_nano.a(libc_a-malloc.o) (_malloc_r)
/usr/lib/gcc/arm-none-eabi/14.2.0/../../../../arm-none-eabi/lib/thumb/v7e-m+fp/hard/libc_nano.a(libc_a-mlock.o)
                              /usr/lib/gcc/arm-none-eabi/14.2.0/../../../../arm-none-eabi/lib/thumb/v7e-m+fp/hard/libc_nano.a(libc_a-mallocr.o) (__malloc_lock)
/usr/lib/gcc/arm-none-eabi/14.2.0/../../../../arm-none-eabi/lib/thumb/v7e-m+fp/hard/libc_nano.a(libc_a-nano-vfprintf_float.o)
                              (_printf_float)
/usr/lib/gcc/arm-none-eabi/14.2.0/../../../../arm-none-eabi/lib/thumb/v7e-m+fp/hard/libc_nano.a(libc_a-nano-vfprintf_i.o)
                              /usr/lib/gcc/arm-none-eabi/14.2.0/../../../../arm-none-eabi/lib/thumb/v7e-m+fp/hard/libc_nano.a(libc_a-nano-vfprintf_float.o) (_printf_common)
/usr/lib/gcc/arm-none-eabi/14.2.0/../../../../arm-none-eabi/lib/thumb/v7e-m+fp/hard/libc_nano.a(libc_a-findfp.o)
                              /usr/lib/gcc/arm-none-eabi/14.2.0/../../../../arm-none-eabi/lib/thumb/v7e-m+fp/hard/libc_nano.a(libc_a-exit.o) (__stdio_exit_handler)
/usr/lib/gcc/arm-none-eabi/14.2.0/../../../../arm-none-eabi/lib/thumb/v7e-m+fp/hard/libc_nano.a(libc_a-fwalk.o)
                              /usr/lib/gcc/arm-none-eabi/14.2.0/../../../../arm-none-eabi/lib/thumb/v7e-m+fp/hard/libc_nano.a(libc_a-findfp.o) (_fwalk_sglue)
/usr/lib/gcc/arm-none-eabi/14.2.0/../../../../arm-none-eabi/lib/thumb/v7e-m+fp/hard/libc_nano.a(libc_a-printf.o)
                              CMakeFiles/InvertedPendulum-STM32.dir/Core/App/Test/test_framework.cpp.obj (printf)
/usr/lib/gcc/arm-none-eabi/14.2.0/../../../../arm-none-eabi/lib/thumb/v7e-m+fp/hard/libc_nano.a(libc_a-puts.o)
                              CMakeFiles/InvertedPendulum-STM32.dir/Core/App/Test/test_framework.cpp.obj (puts)
/usr/lib/gcc/arm-none-eabi/14.2.0/../../../../arm-none-eabi/lib/thumb/v7e-m+fp/hard/libc_nano.a(libc_a-setbuf.o)
                              CMakeFiles/InvertedPendulum-STM32.dir/Core/Src/main.c.obj (setbuf)
/usr/lib/gcc/arm-none-eabi/14.2.0/../../../../arm-none-eabi/lib/thumb/v7e-m+fp/hard/libc_nano.a(libc_a-setvbuf.o)
                              /usr/lib/gcc/arm-none-eabi/14.2.0/../../../../arm-none-eabi/lib/thumb/v7e-m+fp/hard/libc_nano.a(libc_a-setbuf.o) (setvbuf)
/usr/lib/gcc/arm-none-eabi/14.2.0/../../../../arm-none-eabi/lib/thumb/v7e-m+fp/hard/libc_nano.a(libc_a-stdio.o)
                              /usr/lib/gcc/arm-none-eabi/14.2.0/../../../../arm-none-eabi/lib/thumb/v7e-m+fp/hard/libc_nano.a(libc_a-findfp.o) (__sread)
/usr/lib/gcc/arm-none-eabi/14.2.0/../../../../arm-none-eabi/lib/thumb/v7e-m+fp/hard/libc_nano.a(libc_a-wbuf.o)
[...]
Memory Configuration

Name             Origin             Length             Attributes
RAM              0x20000000         0x00003000         xrw
CCMRAM           0x10000000         0x00001000         xrw
FLASH            0x08000000         0x00010000         xr
*default*        0x00000000         0xffffffff

Linker script and memory map

LOAD /usr/lib/gcc/arm-none-eabi/14.2.0/thumb/v7e-m+fp/hard/crti.o
LOAD /usr/lib/gcc/arm-none-eabi/14.2.0/thumb/v7e-m+fp/hard/crtbegin.o
LOAD /usr/lib/gcc/arm-none-eabi/14.2.0/../../../../arm-none-eabi/lib/thumb/v7e-m+fp/hard/crt0.o
START GROUP
END GROUP
START GROUP
LOAD /usr/lib/gcc/arm-none-eabi/14.2.0/../../../../arm-none-eabi/lib/thumb/v7e-m+fp/hard/libstdc++_nano.a
LOAD /usr/lib/gcc/arm-none-eabi/14.2.0/../../../../arm-none-eabi/lib/thumb/v7e-m+fp/hard/libsupc++_nano.a
END GROUP
LOAD cmake/stm32cubemx/CMakeFiles/STM32_Drivers.dir/__/__/Core/Src/system_stm32f3xx.c.obj
LOAD cmake/stm32cubemx/CMakeFiles/STM32_Drivers.dir/__/__/Drivers/STM32F3xx_HAL_Driver/Src/stm32f3xx_hal_adc.c.obj
LOAD cmake/stm32cubemx/CMakeFiles/STM32_Drivers.dir/__/__/Drivers/STM32F3xx_HAL_Driver/Src/stm32f3xx_hal_adc_ex.c.obj
LOAD cmake/stm32cubemx/CMakeFiles/STM32_Drivers.dir/__/__/Drivers/STM32F3xx_HAL_Driver/Src/stm32f3xx_hal.c.obj
LOAD cmake/stm32cubemx/CMakeFiles/STM32_Drivers.dir/__/__/Drivers/STM32F3xx_HAL_Driver/Src/stm32f3xx_hal_rcc.c.obj
LOAD cmake/stm32cubemx/CMakeFiles/STM32_Drivers.dir/__/__/Drivers/STM32F3xx_HAL_Driver/Src/stm32f3xx_hal_rcc_ex.c.obj
LOAD cmake/stm32cubemx/CMakeFiles/STM32_Drivers.dir/__/__/Drivers/STM32F3xx_HAL_Driver/Src/stm32f3xx_hal_gpio.c.obj
LOAD cmake/stm32cubemx/CMakeFiles/STM32_Drivers.dir/__/__/Drivers/STM32F3xx_HAL_Driver/Src/stm32f3xx_hal_dma.c.obj
LOAD cmake/stm32cubemx/CMakeFiles/STM32_Drivers.dir/__/__/Drivers/STM32F3xx_HAL_Driver/Src/stm32f3xx_hal_cortex.c.obj
LOAD cmake/stm32cubemx/CMakeFiles/STM32_Drivers.dir/__/__/Drivers/STM32F3xx_HAL_Driver/Src/stm32f3xx_hal_pwr.c.obj
LOAD cmake/stm32cubemx/CMakeFiles/STM32_Drivers.dir/__/__/Drivers/STM32F3xx_HAL_Driver/Src/stm32f3xx_hal_pwr_ex.c.obj
LOAD cmake/stm32cubemx/CMakeFiles/STM32_Drivers.dir/__/__/Drivers/STM32F3xx_HAL_Driver/Src/stm32f3xx_hal_flash.c.obj
LOAD cmake/stm32cubemx/CMakeFiles/STM32_Drivers.dir/__/__/Drivers/STM32F3xx_HAL_Driver/Src/stm32f3xx_hal_flash_ex.c.obj
LOAD cmake/stm32cubemx/CMakeFiles/STM32_Drivers.dir/__/__/Drivers/STM32F3xx_HAL_Driver/Src/stm32f3xx_hal_i2c.c.obj
LOAD cmake/stm32cubemx/CMakeFiles/STM32_Drivers.dir/__/__/Drivers/STM32F3xx_HAL_Driver/Src/stm32f3xx_hal_i2c_ex.c.obj
LOAD cmake/stm32cubemx/CMakeFiles/STM32_Drivers.dir/__/__/Drivers/STM32F3xx_HAL_Driver/Src/stm32f3xx_hal_exti.c.obj
LOAD cmake/stm32cubemx/CMakeFiles/STM32_Drivers.dir/__/__/Drivers/STM32F3xx_HAL_Driver/Src/stm32f3xx_hal_tim.c.obj
LOAD cmake/stm32cubemx/CMakeFiles/STM32_Drivers.dir/__/__/Drivers/STM32F3xx_HAL_Driver/Src/stm32f3xx_hal_tim_ex.c.obj
LOAD cmake/stm32cubemx/CMakeFiles/STM32_Drivers.dir/__/__/Drivers/STM32F3xx_HAL_Driver/Src/stm32f3xx_hal_uart.c.obj
LOAD cmake/stm32cubemx/CMakeFiles/STM32_Drivers.dir/__/__/Drivers/STM32F3xx_HAL_Driver/Src/stm32f3xx_hal_uart_ex.c.obj
LOAD CMakeFiles/InvertedPendulum-STM32.dir/Core/Src/main.c.obj
LOAD CMakeFiles/InvertedPendulum-STM32.dir/Core/Src/gpio.c.obj
LOAD CMakeFiles/InvertedPendulum-STM32.dir/Core/Src/adc.c.obj
LOAD CMakeFiles/InvertedPendulum-STM32.dir/Core/Src/dma.c.obj
LOAD CMakeFiles/InvertedPendulum-STM32.dir/Core/Src/tim.c.obj
LOAD CMakeFiles/InvertedPendulum-STM32.dir/Core/Src/usart.c.obj
LOAD CMakeFiles/InvertedPendulum-STM32.dir/Core/Src/stm32f3xx_it.c.obj
LOAD CMakeFiles/InvertedPendulum-STM32.dir/Core/Src/stm32f3xx_hal_msp.c.obj
LOAD CMakeFiles/InvertedPendulum-STM32.dir/Core/Src/sysmem.c.obj
LOAD CMakeFiles/InvertedPendulum-STM32.dir/Core/Src/syscalls.c.obj
LOAD CMakeFiles/InvertedPendulum-STM32.dir/startup_stm32f303x8.s.obj
LOAD CMakeFiles/InvertedPendulum-STM32.dir/Core/App/Src/app_wrapper.cpp.obj
LOAD CMakeFiles/InvertedPendulum-STM32.dir/Core/App/Src/app.cpp.obj
LOAD CMakeFiles/InvertedPendulum-STM32.dir/Core/App/Src/pid.cpp.obj
LOAD CMakeFiles/InvertedPendulum-STM32.dir/Core/App/Src/lpf.cpp.obj
LOAD CMakeFiles/InvertedPendulum-STM32.dir/Core/App/Src/motor_observer.cpp.obj
LOAD CMakeFiles/InvertedPendulum-STM32.dir/Core/App/Lib/QEI/qei.c.obj
LOAD CMakeFiles/InvertedPendulum-STM32.dir/Core/App/Lib/MATLAB/feedback_controller.cpp.obj
LOAD CMakeFiles/InvertedPendulum-STM32.dir/Core/App/Test/test_framework.cpp.obj
LOAD CMakeFiles/InvertedPendulum-STM32.dir/Core/App/Test/test_main.cpp.obj
LOAD CMakeFiles/InvertedPendulum-STM32.dir/Core/App/Test/mock_hal.cpp.obj
LOAD /usr/lib/gcc/arm-none-eabi/14.2.0/../../../../arm-none-eabi/lib/thumb/v7e-m+fp/hard/libstdc++_nano.a
LOAD /usr/lib/gcc/arm-none-eabi/14.2.0/../../../../arm-none-eabi/lib/thumb/v7e-m+fp/hard/libm.a
LOAD /usr/lib/gcc/arm-none-eabi/14.2.0/../../../../arm-none-eabi/lib/thumb/v7e-m+fp/hard/libc_nano.a
START GROUP
LOAD /usr/lib/gcc/arm-none-eabi/14.2.0/thumb/v7e-m+fp/hard/libgcc.a
LOAD /usr/lib/gcc/arm-none-eabi/14.2.0/../../../../arm-none-eabi/lib/thumb/v7e-m+fp/hard/libg_nano.a
LOAD /usr/lib/gcc/arm-none-eabi/14.2.0/../../../../arm-none-eabi/lib/thumb/v7e-m+fp/hard/libc_nano.a
END GROUP
START GROUP
LOAD /usr/lib/gcc/arm-none-eabi/14.2.0/thumb/v7e-m+fp/hard/libgcc.a
LOAD /usr/lib/gcc/arm-none-eabi/14.2.0/../../../../arm-none-eabi/lib/thumb/v7e-m+fp/hard/libc_nano.a
END GROUP
LOAD /usr/lib/gcc/arm-none-eabi/14.2.0/thumb/v7e-m+fp/hard/crtend.o
LOAD /usr/lib/gcc/arm-none-eabi/14.2.0/thumb/v7e-m+fp/hard/crtn.o
                0x20003000                        _estack = (ORIGIN (RAM) + LENGTH (RAM))
                0x00000200                        _Min_Heap_Size = 0x200
                0x00000400                        _Min_Stack_Size = 0x400

.isr_vector     0x08000000      0x188
                0x08000000                        . = ALIGN (0x4)
 *(.isr_vector)
 .isr_vector    0x08000000      0x188 CMakeFiles/InvertedPendulum-STM32.dir/startup_stm32f303x8.s.obj
                0x08000000                g_pfnVectors
                0x08000188                        . = ALIGN (0x4)

.text           0x08000190     0x9998
                0x08000190                        . = ALIGN (0x4)
 *(.text)
 .text          0x08000190       0xa0 /usr/lib/gcc/arm-none-eabi/14.2.0/../../../../arm-none-eabi/lib/thumb/v7e-m+fp/hard/libc_nano.a(libc_a-memchr.o)
                0x08000190                memchr
 .text          0x08000230       0x10 /usr/lib/gcc/arm-none-eabi/14.2.0/../../../../arm-none-eabi/lib/thumb/v7e-m+fp/hard/libc_nano.a(libc_a-strlen.o)
                0x08000230                strlen
 .text          0x08000240      0x378 /usr/lib/gcc/arm-none-eabi/14.2.0/thumb/v7e-m+fp/hard/libgcc.a(_arm_addsubdf3.o)
                0x08000240                __aeabi_drsub
                0x08000248                __aeabi_dsub
                0x08000248                __subdf3
                0x0800024c                __adddf3
                0x0800024c                __aeabi_dadd
                0x080004c4                __aeabi_ui2d
                0x080004c4                __floatunsidf
                0x080004e4                __floatsidf
                0x080004e4                __aeabi_i2d
                0x08000508                __extendsfdf2
                0x08000508                __aeabi_f2d
                0x0800054c                __aeabi_ul2d
                0x0800054c                __floatundidf
                0x0800055c                __floatdidf
                0x0800055c                __aeabi_l2d
 .text          0x080005b8      0x424 /usr/lib/gcc/arm-none-eabi/14.2.0/thumb/v7e-m+fp/hard/libgcc.a(_arm_muldivdf3.o)
                0x080005b8                __aeabi_dmul
                0x080005b8                __muldf3
                0x0800080c                __aeabi_ddiv
                0x0800080c                __divdf3
 .text          0x080009dc      0x110 /usr/lib/gcc/arm-none-eabi/14.2.0/thumb/v7e-m+fp/hard/libgcc.a(_arm_cmpdf2.o)
                0x080009dc                __gtdf2
                0x080009dc                __gedf2
                0x080009e4                __ltdf2
                0x080009e4                __ledf2
                0x080009ec                __cmpdf2
                0x080009ec                __eqdf2
                0x080009ec                __nedf2
                0x08000a68                __aeabi_cdrcmple
                0x08000a78                __aeabi_cdcmple
                0x08000a78                __aeabi_cdcmpeq
                0x08000a88                __aeabi_dcmpeq
                0x08000a9c                __aeabi_dcmplt
                0x08000ab0                __aeabi_dcmple
                0x08000ac4                __aeabi_dcmpge
                0x08000ad8                __aeabi_dcmpgt
 .text          0x08000aec       0x2c /usr/lib/gcc/arm-none-eabi/14.2.0/thumb/v7e-m+fp/hard/libgcc.a(_arm_unorddf2.o)
                0x08000aec                __aeabi_dcmpun
                0x08000aec                __unorddf2
 .text          0x08000b18       0x50 /usr/lib/gcc/arm-none-eabi/14.2.0/thumb/v7e-m+fp/hard/libgcc.a(_arm_fixdfsi.o)
                0x08000b18                __fixdfsi
                0x08000b18                __aeabi_d2iz
 *(.text*)
 .text.__do_global_dtors_aux
                0x08000b68       0x24 /usr/lib/gcc/arm-none-eabi/14.2.0/thumb/v7e-m+fp/hard/crtbegin.o
 .text.frame_dummy
                0x08000b8c       0x1c /usr/lib/gcc/arm-none-eabi/14.2.0/thumb/v7e-m+fp/hard/crtbegin.o
 .text.SystemInit
                0x08000ba8       0x24 cmake/stm32cubemx/CMakeFiles/STM32_Drivers.dir/__/__/Core/Src/system_stm32f3xx.c.obj
                0x08000ba8                SystemInit
 .text.HAL_ADC_LevelOutOfWindowCallback
                0x08000bcc       0x14 cmake/stm32cubemx/CMakeFiles/STM32_Drivers.dir/__/__/Drivers/STM32F3xx_HAL_Driver/Src/stm32f3xx_hal_adc.c.obj
                0x08000bcc                HAL_ADC_LevelOutOfWindowCallback
 .text.HAL_ADC_ErrorCallback
                0x08000be0       0x14 cmake/stm32cubemx/CMakeFiles/STM32_Drivers.dir/__/__/Drivers/STM32F3xx_HAL_Driver/Src/stm32f3xx_hal_adc.c.obj
                0x08000be0                HAL_ADC_ErrorCallback
 .text.HAL_ADC_Init
                0x08000bf4      0x324 cmake/stm32cubemx/CMakeFiles/STM32_Drivers.dir/__/__/Drivers/STM32F3xx_HAL_Driver/Src/stm32f3xx_hal_adc_ex.c.obj
                0x08000bf4                HAL_ADC_Init
 .text.HAL_ADC_IRQHandler
                0x08000f18      0x3f4 cmake/stm32cubemx/CMakeFiles/STM32_Drivers.dir/__/__/Drivers/STM32F3xx_HAL_Driver/Src/stm32f3xx_hal_adc_ex.c.obj
                0x08000f18                HAL_ADC_IRQHandler
 .text.HAL_ADCEx_InjectedConvCpltCallback
                0x0800130c       0x14 cmake/stm32cubemx/CMakeFiles/STM32_Drivers.dir/__/__/Drivers/STM32F3xx_HAL_Driver/Src/stm32f3xx_hal_adc_ex.c.obj
                0x0800130c                HAL_ADCEx_InjectedConvCpltCallback
 .text.HAL_ADCEx_InjectedQueueOverflowCallback
                0x08001320       0x14 cmake/stm32cubemx/CMakeFiles/STM32_Drivers.dir/__/__/Drivers/STM32F3xx_HAL_Driver/Src/stm32f3xx_hal_adc_ex.c.obj
                0x08001320                HAL_ADCEx_InjectedQueueOverflowCallback
 .text.HAL_ADCEx_LevelOutOfWindow2Callback
                0x08001334       0x14 cmake/stm32cubemx/CMakeFiles/STM32_Drivers.dir/__/__/Drivers/STM32F3xx_HAL_Driver/Src/stm32f3xx_hal_adc_ex.c.obj
                0x08001334                HAL_ADCEx_LevelOutOfWindow2Callback
 .text.HAL_ADCEx_LevelOutOfWindow3Callback
                0x08001348       0x14 cmake/stm32cubemx/CMakeFiles/STM32_Drivers.dir/__/__/Drivers/STM32F3xx_HAL_Driver/Src/stm32f3xx_hal_adc_ex.c.obj
                0x08001348                HAL_ADCEx_LevelOutOfWindow3Callback
 .text.HAL_ADC_ConfigChannel
                0x0800135c      0x57c cmake/stm32cubemx/CMakeFiles/STM32_Drivers.dir/__/__/Drivers/STM32F3xx_HAL_Driver/Src/stm32f3xx_hal_adc_ex.c.obj
                0x0800135c                HAL_ADC_ConfigChannel
 .text.HAL_ADCEx_MultiModeConfigChannel
                0x080018d8      0x18c cmake/stm32cubemx/CMakeFiles/STM32_Drivers.dir/__/__/Drivers/STM32F3xx_HAL_Driver/Src/stm32f3xx_hal_adc_ex.c.obj
                0x080018d8                HAL_ADCEx_MultiModeConfigChannel
 .text.ADC_Disable
                0x08001a64       0xcc cmake/stm32cubemx/CMakeFiles/STM32_Drivers.dir/__/__/Drivers/STM32F3xx_HAL_Driver/Src/stm32f3xx_hal_adc_ex.c.obj
 .text.HAL_Init
                0x08001b30       0x2c cmake/stm32cubemx/CMakeFiles/STM32_Drivers.dir/__/__/Drivers/STM32F3xx_HAL_Driver/Src/stm32f3xx_hal.c.obj
                0x08001b30                HAL_Init
 .text.HAL_InitTick
                0x08001b5c       0x60 cmake/stm32cubemx/CMakeFiles/STM32_Drivers.dir/__/__/Drivers/STM32F3xx_HAL_Driver/Src/stm32f3xx_hal.c.obj
                0x08001b5c                HAL_InitTick
 .text.HAL_IncTick
                0x08001bbc       0x28 cmake/stm32cubemx/CMakeFiles/STM32_Drivers.dir/__/__/Drivers/STM32F3xx_HAL_Driver/Src/stm32f3xx_hal.c.obj
                0x08001bbc                HAL_IncTick
 .text.HAL_GetTick
                0x08001be4       0x18 cmake/stm32cubemx/CMakeFiles/STM32_Drivers.dir/__/__/Drivers/STM32F3xx_HAL_Driver/Src/stm32f3xx_hal.c.obj
                0x08001be4                HAL_GetTick
 .text.HAL_RCC_OscConfig
                0x08001bfc     0x101c cmake/stm32cubemx/CMakeFiles/STM32_Drivers.dir/__/__/Drivers/STM32F3xx_HAL_Driver/Src/stm32f3xx_hal_rcc.c.obj
                0x08001bfc                HAL_RCC_OscConfig
 .text.HAL_RCC_ClockConfig
                0x08002c18      0x2dc cmake/stm32cubemx/CMakeFiles/STM32_Drivers.dir/__/__/Drivers/STM32F3xx_HAL_Driver/Src/stm32f3xx_hal_rcc.c.obj
                0x08002c18                HAL_RCC_ClockConfig
 .text.HAL_RCC_GetSysClockFreq
                0x08002ef4       0xa8 cmake/stm32cubemx/CMakeFiles/STM32_Drivers.dir/__/__/Drivers/STM32F3xx_HAL_Driver/Src/stm32f3xx_hal_rcc.c.obj
                0x08002ef4                HAL_RCC_GetSysClockFreq
 .text.HAL_RCC_GetHCLKFreq
                0x08002f9c       0x18 cmake/stm32cubemx/CMakeFiles/STM32_Drivers.dir/__/__/Drivers/STM32F3xx_HAL_Driver/Src/stm32f3xx_hal_rcc.c.obj
                0x08002f9c                HAL_RCC_GetHCLKFreq
 .text.HAL_RCC_GetPCLK1Freq
                0x08002fb4       0x44 cmake/stm32cubemx/CMakeFiles/STM32_Drivers.dir/__/__/Drivers/STM32F3xx_HAL_Driver/Src/stm32f3xx_hal_rcc.c.obj
                0x08002fb4                HAL_RCC_GetPCLK1Freq
 .text.HAL_RCC_GetPCLK2Freq
                0x08002ff8       0x44 cmake/stm32cubemx/CMakeFiles/STM32_Drivers.dir/__/__/Drivers/STM32F3xx_HAL_Driver/Src/stm32f3xx_hal_rcc.c.obj
                0x08002ff8                HAL_RCC_GetPCLK2Freq
 .text.HAL_RCCEx_PeriphCLKConfig
                0x0800303c      0x248 cmake/stm32cubemx/CMakeFiles/STM32_Drivers.dir/__/__/Drivers/STM32F3xx_HAL_Driver/Src/stm32f3xx_hal_rcc_ex.c.obj
                0x0800303c                HAL_RCCEx_PeriphCLKConfig
 .text.HAL_GPIO_Init
                0x08003284      0x2e4 cmake/stm32cubemx/CMakeFiles/STM32_Drivers.dir/__/__/Drivers/STM32F3xx_HAL_Driver/Src/stm32f3xx_hal_gpio.c.obj
                0x08003284                HAL_GPIO_Init
 .text.HAL_GPIO_WritePin
                0x08003568       0x30 cmake/stm32cubemx/CMakeFiles/STM32_Drivers.dir/__/__/Drivers/STM32F3xx_HAL_Driver/Src/stm32f3xx_hal_gpio.c.obj
                0x08003568                HAL_GPIO_WritePin
 .text.HAL_GPIO_EXTI_IRQHandler
                0x08003598       0x30 cmake/stm32cubemx/CMakeFiles/STM32_Drivers.dir/__/__/Drivers/STM32F3xx_HAL_Driver/Src/stm32f3xx_hal_gpio.c.obj
                0x08003598                HAL_GPIO_EXTI_IRQHandler
 .text.HAL_DMA_Init
                0x080035c8       0x8e cmake/stm32cubemx/CMakeFiles/STM32_Drivers.dir/__/__/Drivers/STM32F3xx_HAL_Driver/Src/stm32f3xx_hal_dma.c.obj
                0x080035c8                HAL_DMA_Init
 .text.HAL_DMA_IRQHandler
                0x08003656      0x146 cmake/stm32cubemx/CMakeFiles/STM32_Drivers.dir/__/__/Drivers/STM32F3xx_HAL_Driver/Src/stm32f3xx_hal_dma.c.obj
                0x08003656                HAL_DMA_IRQHandler
 .text.DMA_CalcBaseAndBitshift
                0x0800379c       0x40 cmake/stm32cubemx/CMakeFiles/STM32_Drivers.dir/__/__/Drivers/STM32F3xx_HAL_Driver/Src/stm32f3xx_hal_dma.c.obj
 .text.__NVIC_SetPriorityGrouping
                0x080037dc       0x48 cmake/stm32cubemx/CMakeFiles/STM32_Drivers.dir/__/__/Drivers/STM32F3xx_HAL_Driver/Src/stm32f3xx_hal_cortex.c.obj
 .text.__NVIC_GetPriorityGrouping
                0x08003824       0x1c cmake/stm32cubemx/CMakeFiles/STM32_Drivers.dir/__/__/Drivers/STM32F3xx_HAL_Driver/Src/stm32f3xx_hal_cortex.c.obj
 .text.__NVIC_EnableIRQ
                0x08003840       0x3c cmake/stm32cubemx/CMakeFiles/STM32_Drivers.dir/__/__/Drivers/STM32F3xx_HAL_Driver/Src/stm32f3xx_hal_cortex.c.obj
 .text.__NVIC_SetPriority
                0x0800387c       0x54 cmake/stm32cubemx/CMakeFiles/STM32_Drivers.dir/__/__/Drivers/STM32F3xx_HAL_Driver/Src/stm32f3xx_hal_cortex.c.obj
 .text.NVIC_EncodePriority
                0x080038d0       0x66 cmake/stm32cubemx/CMakeFiles/STM32_Drivers.dir/__/__/Drivers/STM32F3xx_HAL_Driver/Src/stm32f3xx_hal_cortex.c.obj
 *fill*         0x08003936        0x2 
 .text.SysTick_Config
                0x08003938       0x44 cmake/stm32cubemx/CMakeFiles/STM32_Drivers.dir/__/__/Drivers/STM32F3xx_HAL_Driver/Src/stm32f3xx_hal_cortex.c.obj
 .text.HAL_NVIC_SetPriorityGrouping
                0x0800397c       0x16 cmake/stm32cubemx/CMakeFiles/STM32_Drivers.dir/__/__/Drivers/STM32F3xx_HAL_Driver/Src/stm32f3xx_hal_cortex.c.obj
                0x0800397c                HAL_NVIC_SetPriorityGrouping
 .text.HAL_NVIC_SetPriority
                0x08003992       0x38 cmake/stm32cubemx/CMakeFiles/STM32_Drivers.dir/__/__/Drivers/STM32F3xx_HAL_Driver/Src/stm32f3xx_hal_cortex.c.obj
                0x08003992                HAL_NVIC_SetPriority
 .text.HAL_NVIC_EnableIRQ
                0x080039ca       0x1c cmake/stm32cubemx/CMakeFiles/STM32_Drivers.dir/__/__/Drivers/STM32F3xx_HAL_Driver/Src/stm32f3xx_hal_cortex.c.obj
                0x080039ca                HAL_NVIC_EnableIRQ
 .text.HAL_SYSTICK_Config
                0x080039e6       0x18 cmake/stm32cubemx/CMakeFiles/STM32_Drivers.dir/__/__/Drivers/STM32F3xx_HAL_Driver/Src/stm32f3xx_hal_cortex.c.obj
                0x080039e6                HAL_SYSTICK_Config
 .text.HAL_TIM_Base_Init
                0x080039fe       0xae cmake/stm32cubemx/CMakeFiles/STM32_Drivers.dir/__/__/Drivers/STM32F3xx_HAL_Driver/Src/stm32f3xx_hal_tim.c.obj
                0x080039fe                HAL_TIM_Base_Init
 .text.HAL_TIM_PWM_Init
                0x08003aac       0xae cmake/stm32cubemx/CMakeFiles/STM32_Drivers.dir/__/__/Drivers/STM32F3xx_HAL_Driver/Src/stm32f3xx_hal_tim.c.obj
                0x08003aac                HAL_TIM_PWM_Init
 .text.HAL_TIM_PWM_MspInit
                0x08003b5a       0x14 cmake/stm32cubemx/CMakeFiles/STM32_Drivers.dir/__/__/Drivers/STM32F3xx_HAL_Driver/Src/stm32f3xx_hal_tim.c.obj
                0x08003b5a                HAL_TIM_PWM_MspInit
 .text.HAL_TIM_IRQHandler
                0x08003b6e      0x204 cmake/stm32cubemx/CMakeFiles/STM32_Drivers.dir/__/__/Drivers/STM32F3xx_HAL_Driver/Src/stm32f3xx_hal_tim.c.obj
                0x08003b6e                HAL_TIM_IRQHandler
 *fill*         0x08003d72        0x2 
 .text.HAL_TIM_PWM_ConfigChannel
                0x08003d74      0x228 cmake/stm32cubemx/CMakeFiles/STM32_Drivers.dir/__/__/Drivers/STM32F3xx_HAL_Driver/Src/stm32f3xx_hal_tim.c.obj
                0x08003d74                HAL_TIM_PWM_ConfigChannel
 .text.HAL_TIM_ConfigClockSource
                0x08003f9c      0x192 cmake/stm32cubemx/CMakeFiles/STM32_Drivers.dir/__/__/Drivers/STM32F3xx_HAL_Driver/Src/stm32f3xx_hal_tim.c.obj
                0x08003f9c                HAL_TIM_ConfigClockSource
 .text.HAL_TIM_OC_DelayElapsedCallback
                0x0800412e       0x14 cmake/stm32cubemx/CMakeFiles/STM32_Drivers.dir/__/__/Drivers/STM32F3xx_HAL_Driver/Src/stm32f3xx_hal_tim.c.obj
                0x0800412e                HAL_TIM_OC_DelayElapsedCallback
 .text.HAL_TIM_IC_CaptureCallback
                0x08004142       0x14 cmake/stm32cubemx/CMakeFiles/STM32_Drivers.dir/__/__/Drivers/STM32F3xx_HAL_Driver/Src/stm32f3xx_hal_tim.c.obj
                0x08004142                HAL_TIM_IC_CaptureCallback
 .text.HAL_TIM_PWM_PulseFinishedCallback
                0x08004156       0x14 cmake/stm32cubemx/CMakeFiles/STM32_Drivers.dir/__/__/Drivers/STM32F3xx_HAL_Driver/Src/stm32f3xx_hal_tim.c.obj
                0x08004156                HAL_TIM_PWM_PulseFinishedCallback
 .text.HAL_TIM_TriggerCallback
                0x0800416a       0x14 cmake/stm32cubemx/CMakeFiles/STM32_Drivers.dir/__/__/Drivers/STM32F3xx_HAL_Driver/Src/stm32f3xx_hal_tim.c.obj
                0x0800416a                HAL_TIM_TriggerCallback
 *fill*         0x0800417e        0x2 
 .text.TIM_Base_SetConfig
                0x08004180      0x108 cmake/stm32cubemx/CMakeFiles/STM32_Drivers.dir/__/__/Drivers/STM32F3xx_HAL_Driver/Src/stm32f3xx_hal_tim.c.obj
                0x08004180                TIM_Base_SetConfig
 .text.TIM_OC1_SetConfig
                0x08004288      0x10c cmake/stm32cubemx/CMakeFiles/STM32_Drivers.dir/__/__/Drivers/STM32F3xx_HAL_Driver/Src/stm32f3xx_hal_tim.c.obj
 .text.TIM_OC2_SetConfig
                0x08004394      0x100 cmake/stm32cubemx/CMakeFiles/STM32_Drivers.dir/__/__/Drivers/STM32F3xx_HAL_Driver/Src/stm32f3xx_hal_tim.c.obj
                0x08004394                TIM_OC2_SetConfig
 .text.TIM_OC3_SetConfig
                0x08004494       0xfc cmake/stm32cubemx/CMakeFiles/STM32_Drivers.dir/__/__/Drivers/STM32F3xx_HAL_Driver/Src/stm32f3xx_hal_tim.c.obj
 .text.TIM_OC4_SetConfig
                0x08004590       0xc8 cmake/stm32cubemx/CMakeFiles/STM32_Drivers.dir/__/__/Drivers/STM32F3xx_HAL_Driver/Src/stm32f3xx_hal_tim.c.obj
 .text.TIM_OC5_SetConfig
                0x08004658       0xbc cmake/stm32cubemx/CMakeFiles/STM32_Drivers.dir/__/__/Drivers/STM32F3xx_HAL_Driver/Src/stm32f3xx_hal_tim.c.obj
 .text.TIM_OC6_SetConfig
                0x08004714       0xc0 cmake/stm32cubemx/CMakeFiles/STM32_Drivers.dir/__/__/Drivers/STM32F3xx_HAL_Driver/Src/stm32f3xx_hal_tim.c.obj
 .text.TIM_TI1_ConfigInputStage
                0x080047d4       0x5e cmake/stm32cubemx/CMakeFiles/STM32_Drivers.dir/__/__/Drivers/STM32F3xx_HAL_Driver/Src/stm32f3xx_hal_tim.c.obj
 .text.TIM_TI2_ConfigInputStage
                0x08004832       0x60 cmake/stm32cubemx/CMakeFiles/STM32_Drivers.dir/__/__/Drivers/STM32F3xx_HAL_Driver/Src/stm32f3xx_hal_tim.c.obj
 .text.TIM_ITRx_SetConfig
                0x08004892       0x36 cmake/stm32cubemx/CMakeFiles/STM32_Drivers.dir/__/__/Drivers/STM32F3xx_HAL_Driver/Src/stm32f3xx_hal_tim.c.obj
 .text.TIM_ETR_SetConfig
                0x080048c8       0x40 cmake/stm32cubemx/CMakeFiles/STM32_Drivers.dir/__/__/Drivers/STM32F3xx_HAL_Driver/Src/stm32f3xx_hal_tim.c.obj
                0x080048c8                TIM_ETR_SetConfig
 .text.HAL_TIMEx_MasterConfigSynchronization
                0x08004908       0xdc cmake/stm32cubemx/CMakeFiles/STM32_Drivers.dir/__/__/Drivers/STM32F3xx_HAL_Driver/Src/stm32f3xx_hal_tim_ex.c.obj
                0x08004908                HAL_TIMEx_MasterConfigSynchronization
 .text.HAL_TIMEx_ConfigBreakDeadTime
                0x080049e4       0xf0 cmake/stm32cubemx/CMakeFiles/STM32_Drivers.dir/__/__/Drivers/STM32F3xx_HAL_Driver/Src/stm32f3xx_hal_tim_ex.c.obj
                0x080049e4                HAL_TIMEx_ConfigBreakDeadTime
 .text.HAL_TIMEx_CommutCallback
                0x08004ad4       0x14 cmake/stm32cubemx/CMakeFiles/STM32_Drivers.dir/__/__/Drivers/STM32F3xx_HAL_Driver/Src/stm32f3xx_hal_tim_ex.c.obj
                0x08004ad4                HAL_TIMEx_CommutCallback
 .text.HAL_TIMEx_BreakCallback
                0x08004ae8       0x14 cmake/stm32cubemx/CMakeFiles/STM32_Drivers.dir/__/__/Drivers/STM32F3xx_HAL_Driver/Src/stm32f3xx_hal_tim_ex.c.obj
                0x08004ae8                HAL_TIMEx_BreakCallback
 .text.HAL_TIMEx_Break2Callback
                0x08004afc       0x14 cmake/stm32cubemx/CMakeFiles/STM32_Drivers.dir/__/__/Drivers/STM32F3xx_HAL_Driver/Src/stm32f3xx_hal_tim_ex.c.obj
                0x08004afc                HAL_TIMEx_Break2Callback
 .text.HAL_UART_Init
                0x08004b10       0x9c cmake/stm32cubemx/CMakeFiles/STM32_Drivers.dir/__/__/Drivers/STM32F3xx_HAL_Driver/Src/stm32f3xx_hal_uart.c.obj
                0x08004b10                HAL_UART_Init
 .text.HAL_UART_Transmit
                0x08004bac      0x112 cmake/stm32cubemx/CMakeFiles/STM32_Drivers.dir/__/__/Drivers/STM32F3xx_HAL_Driver/Src/stm32f3xx_hal_uart.c.obj
                0x08004bac                HAL_UART_Transmit
 *fill*         0x08004cbe        0x2 
 .text.UART_SetConfig
                0x08004cc0      0x26c cmake/stm32cubemx/CMakeFiles/STM32_Drivers.dir/__/__/Drivers/STM32F3xx_HAL_Driver/Src/stm32f3xx_hal_uart.c.obj
                0x08004cc0                UART_SetConfig
 .text.UART_AdvFeatureConfig
                0x08004f2c      0x144 cmake/stm32cubemx/CMakeFiles/STM32_Drivers.dir/__/__/Drivers/STM32F3xx_HAL_Driver/Src/stm32f3xx_hal_uart.c.obj
                0x08004f2c                UART_AdvFeatureConfig
 .text.UART_CheckIdleState
                0x08005070      0x150 cmake/stm32cubemx/CMakeFiles/STM32_Drivers.dir/__/__/Drivers/STM32F3xx_HAL_Driver/Src/stm32f3xx_hal_uart.c.obj
                0x08005070                UART_CheckIdleState
 .text.UART_WaitOnFlagUntilTimeout
                0x080051c0       0xda cmake/stm32cubemx/CMakeFiles/STM32_Drivers.dir/__/__/Drivers/STM32F3xx_HAL_Driver/Src/stm32f3xx_hal_uart.c.obj
                0x080051c0                UART_WaitOnFlagUntilTimeout
 .text.UART_EndRxTransfer
                0x0800529a       0xc8 cmake/stm32cubemx/CMakeFiles/STM32_Drivers.dir/__/__/Drivers/STM32F3xx_HAL_Driver/Src/stm32f3xx_hal_uart.c.obj
 *fill*         0x08005362        0x2 
 .text._write   0x08005364       0x28 CMakeFiles/InvertedPendulum-STM32.dir/Core/Src/main.c.obj
                0x08005364                _write
 .text.main     0x0800538c       0x4c CMakeFiles/InvertedPendulum-STM32.dir/Core/Src/main.c.obj
                0x0800538c                main
 .text.SystemClock_Config
                0x080053d8       0xb8 CMakeFiles/InvertedPendulum-STM32.dir/Core/Src/main.c.obj
                0x080053d8                SystemClock_Config
 .text.Error_Handler
                0x08005490        0xc CMakeFiles/InvertedPendulum-STM32.dir/Core/Src/main.c.obj
                0x08005490                Error_Handler
 .text.MX_GPIO_Init
                0x0800549c      0x134 CMakeFiles/InvertedPendulum-STM32.dir/Core/Src/gpio.c.obj
                0x0800549c                MX_GPIO_Init
 .text.MX_ADC1_Init
                0x080055d0      0x118 CMakeFiles/InvertedPendulum-STM32.dir/Core/Src/adc.c.obj
                0x080055d0                MX_ADC1_Init
 .text.MX_ADC2_Init
                0x080056e8       0xd8 CMakeFiles/InvertedPendulum-STM32.dir/Core/Src/adc.c.obj
                0x080056e8                MX_ADC2_Init
 .text.HAL_ADC_MspInit
                0x080057c0      0x200 CMakeFiles/InvertedPendulum-STM32.dir/Core/Src/adc.c.obj
                0x080057c0                HAL_ADC_MspInit
 .text.MX_DMA_Init
                0x080059c0       0x4c CMakeFiles/InvertedPendulum-STM32.dir/Core/Src/dma.c.obj
                0x080059c0                MX_DMA_Init
 .text.MX_TIM1_Init
                0x08005a0c      0x170 CMakeFiles/InvertedPendulum-STM32.dir/Core/Src/tim.c.obj
                0x08005a0c                MX_TIM1_Init
 .text.MX_TIM2_Init
                0x08005b7c       0xec CMakeFiles/InvertedPendulum-STM32.dir/Core/Src/tim.c.obj
                0x08005b7c                MX_TIM2_Init
 .text.MX_TIM3_Init
                0x08005c68       0xf0 CMakeFiles/InvertedPendulum-STM32.dir/Core/Src/tim.c.obj
                0x08005c68                MX_TIM3_Init
 .text.MX_TIM6_Init
                0x08005d58       0x6c CMakeFiles/InvertedPendulum-STM32.dir/Core/Src/tim.c.obj
                0x08005d58                MX_TIM6_Init
 .text.HAL_TIM_Base_MspInit
                0x08005dc4       0xc0 CMakeFiles/InvertedPendulum-STM32.dir/Core/Src/tim.c.obj
                0x08005dc4                HAL_TIM_Base_MspInit
 .text.HAL_TIM_MspPostInit
                0x08005e84      0x124 CMakeFiles/InvertedPendulum-STM32.dir/Core/Src/tim.c.obj
                0x08005e84                HAL_TIM_MspPostInit
 .text.MX_USART2_UART_Init
                0x08005fa8       0x60 CMakeFiles/InvertedPendulum-STM32.dir/Core/Src/usart.c.obj
                0x08005fa8                MX_USART2_UART_Init
 .text.HAL_UART_MspInit
                0x08006008       0x84 CMakeFiles/InvertedPendulum-STM32.dir/Core/Src/usart.c.obj
                0x08006008                HAL_UART_MspInit
 .text.NMI_Handler
                0x0800608c        0x8 CMakeFiles/InvertedPendulum-STM32.dir/Core/Src/stm32f3xx_it.c.obj
                0x0800608c                NMI_Handler
 .text.HardFault_Handler
                0x08006094        0x8 CMakeFiles/InvertedPendulum-STM32.dir/Core/Src/stm32f3xx_it.c.obj
                0x08006094                HardFault_Handler
 .text.MemManage_Handler
                0x0800609c        0x8 CMakeFiles/InvertedPendulum-STM32.dir/Core/Src/stm32f3xx_it.c.obj
                0x0800609c                MemManage_Handler
 .text.BusFault_Handler
                0x080060a4        0x8 CMakeFiles/InvertedPendulum-STM32.dir/Core/Src/stm32f3xx_it.c.obj
                0x080060a4                BusFault_Handler
 .text.UsageFault_Handler
                0x080060ac        0x8 CMakeFiles/InvertedPendulum-STM32.dir/Core/Src/stm32f3xx_it.c.obj
                0x080060ac                UsageFault_Handler
 .text.SVC_Handler
                0x080060b4        0xe CMakeFiles/InvertedPendulum-STM32.dir/Core/Src/stm32f3xx_it.c.obj
                0x080060b4                SVC_Handler
 .text.DebugMon_Handler
                0x080060c2        0xe CMakeFiles/InvertedPendulum-STM32.dir/Core/Src/stm32f3xx_it.c.obj
                0x080060c2                DebugMon_Handler
 .text.PendSV_Handler
                0x080060d0        0xe CMakeFiles/InvertedPendulum-STM32.dir/Core/Src/stm32f3xx_it.c.obj
                0x080060d0                PendSV_Handler
 .text.SysTick_Handler
                0x080060de        0xc CMakeFiles/InvertedPendulum-STM32.dir/Core/Src/stm32f3xx_it.c.obj
                0x080060de                SysTick_Handler
 .text.EXTI4_IRQHandler
                0x080060ea        0xe CMakeFiles/InvertedPendulum-STM32.dir/Core/Src/stm32f3xx_it.c.obj
                0x080060ea                EXTI4_IRQHandler
 .text.DMA1_Channel1_IRQHandler
                0x080060f8       0x14 CMakeFiles/InvertedPendulum-STM32.dir/Core/Src/stm32f3xx_it.c.obj
                0x080060f8                DMA1_Channel1_IRQHandler
 .text.DMA1_Channel2_IRQHandler
                0x0800610c       0x14 CMakeFiles/InvertedPendulum-STM32.dir/Core/Src/stm32f3xx_it.c.obj
                0x0800610c                DMA1_Channel2_IRQHandler
 .text.ADC1_2_IRQHandler
                0x08006120       0x1c CMakeFiles/InvertedPendulum-STM32.dir/Core/Src/stm32f3xx_it.c.obj
                0x08006120                ADC1_2_IRQHandler
 .text.EXTI9_5_IRQHandler
                0x0800613c       0x1e CMakeFiles/InvertedPendulum-STM32.dir/Core/Src/stm32f3xx_it.c.obj
                0x0800613c                EXTI9_5_IRQHandler
 *fill*         0x0800615a        0x2 
 .text.TIM6_DAC1_IRQHandler
                0x0800615c       0x14 CMakeFiles/InvertedPendulum-STM32.dir/Core/Src/stm32f3xx_it.c.obj
                0x0800615c                TIM6_DAC1_IRQHandler
 .text.HAL_MspInit
                0x08006170       0x48 CMakeFiles/InvertedPendulum-STM32.dir/Core/Src/stm32f3xx_hal_msp.c.obj
                0x08006170                HAL_MspInit
 .text._sbrk    0x080061b8       0x6c CMakeFiles/InvertedPendulum-STM32.dir/Core/Src/sysmem.c.obj
                0x080061b8                _sbrk
 .text._getpid  0x08006224       0x10 CMakeFiles/InvertedPendulum-STM32.dir/Core/Src/syscalls.c.obj
                0x08006224                _getpid
 .text._kill    0x08006234       0x20 CMakeFiles/InvertedPendulum-STM32.dir/Core/Src/syscalls.c.obj
                0x08006234                _kill
 .text._exit    0x08006254       0x16 CMakeFiles/InvertedPendulum-STM32.dir/Core/Src/syscalls.c.obj
                0x08006254                _exit
 .text._read    0x0800626a       0x3a CMakeFiles/InvertedPendulum-STM32.dir/Core/Src/syscalls.c.obj
                0x0800626a                _read
 .text._close   0x080062a4       0x18 CMakeFiles/InvertedPendulum-STM32.dir/Core/Src/syscalls.c.obj
                0x080062a4                _close
 .text._fstat   0x080062bc       0x20 CMakeFiles/InvertedPendulum-STM32.dir/Core/Src/syscalls.c.obj
                0x080062bc                _fstat
 .text._isatty  0x080062dc       0x16 CMakeFiles/InvertedPendulum-STM32.dir/Core/Src/syscalls.c.obj
                0x080062dc                _isatty
 .text._lseek   0x080062f2       0x1a CMakeFiles/InvertedPendulum-STM32.dir/Core/Src/syscalls.c.obj
                0x080062f2                _lseek
 .text.Reset_Handler
                0x0800630c       0x50 CMakeFiles/InvertedPendulum-STM32.dir/startup_stm32f303x8.s.obj
                0x0800630c                Reset_Handler
 .text.Default_Handler
                0x0800635c        0x2 CMakeFiles/InvertedPendulum-STM32.dir/startup_stm32f303x8.s.obj
                0x0800635c                RTC_Alarm_IRQHandler
                0x0800635c                TIM1_CC_IRQHandler
                0x0800635c                PVD_IRQHandler
                0x0800635c                TAMP_STAMP_IRQHandler
                0x0800635c                EXTI3_IRQHandler
                0x0800635c                EXTI0_IRQHandler
                0x0800635c                FPU_IRQHandler
                0x0800635c                CAN_TX_IRQHandler
                0x0800635c                TIM1_UP_TIM16_IRQHandler
                0x0800635c                SPI1_IRQHandler
                0x0800635c                CAN_SCE_IRQHandler
                0x0800635c                DMA1_Channel4_IRQHandler
                0x0800635c                USART3_IRQHandler
                0x0800635c                DMA1_Channel7_IRQHandler
                0x0800635c                TIM7_DAC2_IRQHandler
                0x0800635c                CAN_RX1_IRQHandler
                0x0800635c                I2C1_EV_IRQHandler
                0x0800635c                DMA1_Channel6_IRQHandler
                0x0800635c                TIM3_IRQHandler
                0x0800635c                RCC_IRQHandler
                0x0800635c                Default_Handler
                0x0800635c                EXTI15_10_IRQHandler
                0x0800635c                COMP2_IRQHandler
                0x0800635c                RTC_WKUP_IRQHandler
                0x0800635c                DMA1_Channel5_IRQHandler
                0x0800635c                TIM1_TRG_COM_TIM17_IRQHandler
                0x0800635c                DMA1_Channel3_IRQHandler
                0x0800635c                WWDG_IRQHandler
                0x0800635c                TIM2_IRQHandler
                0x0800635c                EXTI1_IRQHandler
                0x0800635c                COMP4_6_IRQHandler
                0x0800635c                USART2_IRQHandler
                0x0800635c                FLASH_IRQHandler
                0x0800635c                USART1_IRQHandler
                0x0800635c                CAN_RX0_IRQHandler
                0x0800635c                I2C1_ER_IRQHandler
                0x0800635c                EXTI2_TSC_IRQHandler
                0x0800635c                TIM1_BRK_TIM15_IRQHandler
 .text._ZN16InterruptHandlerC2Ev
                0x0800635e       0x2e CMakeFiles/InvertedPendulum-STM32.dir/Core/App/Src/app_wrapper.cpp.obj
                0x0800635e                InterruptHandler::InterruptHandler()
                0x0800635e                InterruptHandler::InterruptHandler()
 .text._ZN16InterruptHandler19handleAdcInterruptsEP19__ADC_HandleTypeDef
                0x0800638c       0x98 CMakeFiles/InvertedPendulum-STM32.dir/Core/App/Src/app_wrapper.cpp.obj
                0x0800638c                InterruptHandler::handleAdcInterrupts(__ADC_HandleTypeDef*)
 .text._ZN16InterruptHandler21handleTimerInterruptsEP17TIM_HandleTypeDef
                0x08006424       0x98 CMakeFiles/InvertedPendulum-STM32.dir/Core/App/Src/app_wrapper.cpp.obj
                0x08006424                InterruptHandler::handleTimerInterrupts(TIM_HandleTypeDef*)
 .text._ZN3AppC2Ev
                0x080064bc      0x1cc CMakeFiles/InvertedPendulum-STM32.dir/Core/App/Src/app_wrapper.cpp.obj
                0x080064bc                App::App()
                0x080064bc                App::App()
 .text._ZN3App11getInstanceEv
                0x08006688       0x2c CMakeFiles/InvertedPendulum-STM32.dir/Core/App/Src/app_wrapper.cpp.obj
                0x08006688                App::getInstance()
 .text._ZN3App14getInstanceRefEv
                0x080066b4        0xe CMakeFiles/InvertedPendulum-STM32.dir/Core/App/Src/app_wrapper.cpp.obj
                0x080066b4                App::getInstanceRef()
 .text._ZN3App19getInterruptHandlerEv
                0x080066c2       0x18 CMakeFiles/InvertedPendulum-STM32.dir/Core/App/Src/app_wrapper.cpp.obj
                0x080066c2                App::getInterruptHandler()
 .text.AppRun   0x080066da        0xc CMakeFiles/InvertedPendulum-STM32.dir/Core/App/Src/app_wrapper.cpp.obj
                0x080066da                AppRun
 .text.HAL_ADC_ConvCpltCallback
                0x080066e6       0x3a CMakeFiles/InvertedPendulum-STM32.dir/Core/App/Src/app_wrapper.cpp.obj
                0x080066e6                HAL_ADC_ConvCpltCallback
 .text.HAL_TIM_PeriodElapsedCallback
                0x08006720       0x3a CMakeFiles/InvertedPendulum-STM32.dir/Core/App/Src/app_wrapper.cpp.obj
                0x08006720                HAL_TIM_PeriodElapsedCallback
 .text.HAL_GPIO_EXTI_Callback
                0x0800675a       0x5e CMakeFiles/InvertedPendulum-STM32.dir/Core/App/Src/app_wrapper.cpp.obj
                0x0800675a                HAL_GPIO_EXTI_Callback
 .text._Z41__static_initialization_and_destruction_0v
                0x080067b8       0x18 CMakeFiles/InvertedPendulum-STM32.dir/Core/App/Src/app_wrapper.cpp.obj
 .text._GLOBAL__sub_I_AppInstance
                0x080067d0        0xa CMakeFiles/InvertedPendulum-STM32.dir/Core/App/Src/app_wrapper.cpp.obj
 .text._ZN3PIDC2Effffff
                0x080067da       0x72 CMakeFiles/InvertedPendulum-STM32.dir/Core/App/Src/pid.cpp.obj
                0x080067da                PID::PID(float, float, float, float, float, float)
                0x080067da                PID::PID(float, float, float, float, float, float)
 .text._ZN13LowPassFilterC2Efff
                0x0800684c       0x44 CMakeFiles/InvertedPendulum-STM32.dir/Core/App/Src/lpf.cpp.obj
                0x0800684c                LowPassFilter::LowPassFilter(float, float, float)
                0x0800684c                LowPassFilter::LowPassFilter(float, float, float)
 .text._ZN13LowPassFilter11updateAlphaEv
                0x08006890       0x4e CMakeFiles/InvertedPendulum-STM32.dir/Core/App/Src/lpf.cpp.obj
                0x08006890                LowPassFilter::updateAlpha()
 .text._ZN20MotorCurrentObserverC2Efffff
                0x080068de       0x58 CMakeFiles/InvertedPendulum-STM32.dir/Core/App/Src/motor_observer.cpp.obj
                0x080068de                MotorCurrentObserver::MotorCurrentObserver(float, float, float, float, float)
                0x080068de                MotorCurrentObserver::MotorCurrentObserver(float, float, float, float, float)
 .text.QEI_ReadChan
                0x08006936       0x2a CMakeFiles/InvertedPendulum-STM32.dir/Core/App/Lib/QEI/qei.c.obj
 .text.QEI_Encode
                0x08006960      0x14c CMakeFiles/InvertedPendulum-STM32.dir/Core/App/Lib/QEI/qei.c.obj
                0x08006960                QEI_Encode
 .text._ZN19feedback_controllerC2Ev
                0x08006aac       0x20 CMakeFiles/InvertedPendulum-STM32.dir/Core/App/Lib/MATLAB/feedback_controller.cpp.obj
                0x08006aac                feedback_controller::feedback_controller()
                0x08006aac                feedback_controller::feedback_controller()
 .text._ZN10TestRunner13print_summaryEv
                0x08006acc       0x70 CMakeFiles/InvertedPendulum-STM32.dir/Core/App/Test/test_framework.cpp.obj
                0x08006acc                TestRunner::print_summary()
 .text._ZSt3absf
                0x08006b3c       0x20 CMakeFiles/InvertedPendulum-STM32.dir/Core/App/Test/test_main.cpp.obj
                0x08006b3c                std::abs(float)
 .text._ZN9SimplePIDC2Ef
                0x08006b5c       0x20 CMakeFiles/InvertedPendulum-STM32.dir/Core/App/Test/test_main.cpp.obj
                0x08006b5c                SimplePID::SimplePID(float)
                0x08006b5c                SimplePID::SimplePID(float)
 .text._ZN9SimplePID6updateEf
                0x08006b7c       0x28 CMakeFiles/InvertedPendulum-STM32.dir/Core/App/Test/test_main.cpp.obj
                0x08006b7c                SimplePID::update(float)
 .text._Z37test_simple_pid_proportional_responsev
                0x08006ba4       0x70 CMakeFiles/InvertedPendulum-STM32.dir/Core/App/Test/test_main.cpp.obj
                0x08006ba4                test_simple_pid_proportional_response()
 .text._Z26test_simple_pid_zero_errorv
                0x08006c14       0x70 CMakeFiles/InvertedPendulum-STM32.dir/Core/App/Test/test_main.cpp.obj
                0x08006c14                test_simple_pid_zero_error()
 .text._Z30test_simple_pid_negative_errorv
                0x08006c84       0x70 CMakeFiles/InvertedPendulum-STM32.dir/Core/App/Test/test_main.cpp.obj
                0x08006c84                test_simple_pid_negative_error()
 *fill*         0x08006cf4        0x4 
 .text._Z32test_simple_pid_input_validationv
                0x08006cf8      0x104 CMakeFiles/InvertedPendulum-STM32.dir/Core/App/Test/test_main.cpp.obj
                0x08006cf8                test_simple_pid_input_validation()
 .text._Z20run_simple_pid_testsv
                0x08006dfc      0x118 CMakeFiles/InvertedPendulum-STM32.dir/Core/App/Test/test_main.cpp.obj
                0x08006dfc                run_simple_pid_tests()
 .text._ZN10TestRunner13run_all_testsEv
                0x08006f14       0x30 CMakeFiles/InvertedPendulum-STM32.dir/Core/App/Test/test_main.cpp.obj
                0x08006f14                TestRunner::run_all_tests()
 .text.run_tdd_tests
                0x08006f44        0xc CMakeFiles/InvertedPendulum-STM32.dir/Core/App/Test/test_main.cpp.obj
                0x08006f44                run_tdd_tests
 .text._Znwj    0x08006f50       0x22 /usr/lib/gcc/arm-none-eabi/14.2.0/../../../../arm-none-eabi/lib/thumb/v7e-m+fp/hard/libstdc++_nano.a(new_op.o)
                0x08006f50                operator new(unsigned int)
 *fill*         0x08006f72        0x2 
 .text._ZSt15get_new_handlerv
                0x08006f74       0x10 /usr/lib/gcc/arm-none-eabi/14.2.0/../../../../arm-none-eabi/lib/thumb/v7e-m+fp/hard/libstdc++_nano.a(new_handler.o)
                0x08006f74                std::get_new_handler()
 .text.abort    0x08006f84        0xe /usr/lib/gcc/arm-none-eabi/14.2.0/../../../../arm-none-eabi/lib/thumb/v7e-m+fp/hard/libc_nano.a(libc_a-abort.o)
                0x08006f84                abort
 *fill*         0x08006f92        0x2 
 .text.malloc   0x08006f94       0x10 /usr/lib/gcc/arm-none-eabi/14.2.0/../../../../arm-none-eabi/lib/thumb/v7e-m+fp/hard/libc_nano.a(libc_a-malloc.o)
                0x08006f94                malloc
 .text.sbrk_aligned
                0x08006fa4       0x44 /usr/lib/gcc/arm-none-eabi/14.2.0/../../../../arm-none-eabi/lib/thumb/v7e-m+fp/hard/libc_nano.a(libc_a-mallocr.o)
 .text._malloc_r
                0x08006fe8      0x100 /usr/lib/gcc/arm-none-eabi/14.2.0/../../../../arm-none-eabi/lib/thumb/v7e-m+fp/hard/libc_nano.a(libc_a-mallocr.o)
                0x08006fe8                _malloc_r
 .text.__malloc_lock
                0x080070e8        0xc /usr/lib/gcc/arm-none-eabi/14.2.0/../../../../arm-none-eabi/lib/thumb/v7e-m+fp/hard/libc_nano.a(libc_a-mlock.o)
                0x080070e8                __malloc_lock
 .text.__malloc_unlock
                0x080070f4        0xc /usr/lib/gcc/arm-none-eabi/14.2.0/../../../../arm-none-eabi/lib/thumb/v7e-m+fp/hard/libc_nano.a(libc_a-mlock.o)
                0x080070f4                __malloc_unlock
 .text.__cvt    0x08007100       0xca /usr/lib/gcc/arm-none-eabi/14.2.0/../../../../arm-none-eabi/lib/thumb/v7e-m+fp/hard/libc_nano.a(libc_a-nano-vfprintf_float.o)
                0x08007100                __cvt
 .text.__exponent
                0x080071ca       0x74 /usr/lib/gcc/arm-none-eabi/14.2.0/../../../../arm-none-eabi/lib/thumb/v7e-m+fp/hard/libc_nano.a(libc_a-nano-vfprintf_float.o)
                0x080071ca                __exponent
 *fill*         0x0800723e        0x2 
 .text._printf_float
                0x08007240      0x450 /usr/lib/gcc/arm-none-eabi/14.2.0/../../../../arm-none-eabi/lib/thumb/v7e-m+fp/hard/libc_nano.a(libc_a-nano-vfprintf_float.o)
                0x08007240                _printf_float
 .text._printf_common
                0x08007690       0xda /usr/lib/gcc/arm-none-eabi/14.2.0/../../../../arm-none-eabi/lib/thumb/v7e-m+fp/hard/libc_nano.a(libc_a-nano-vfprintf_i.o)
                0x08007690                _printf_common
 *fill*         0x0800776a        0x2 
 .text._printf_i
                0x0800776c      0x240 /usr/lib/gcc/arm-none-eabi/14.2.0/../../../../arm-none-eabi/lib/thumb/v7e-m+fp/hard/libc_nano.a(libc_a-nano-vfprintf_i.o)
                0x0800776c                _printf_i
 .text.std      0x080079ac       0x6c /usr/lib/gcc/arm-none-eabi/14.2.0/../../../../arm-none-eabi/lib/thumb/v7e-m+fp/hard/libc_nano.a(libc_a-findfp.o)
 .text.stdio_exit_handler
                0x08007a18       0x18 /usr/lib/gcc/arm-none-eabi/14.2.0/../../../../arm-none-eabi/lib/thumb/v7e-m+fp/hard/libc_nano.a(libc_a-findfp.o)
 .text.cleanup_stdio
                0x08007a30       0x40 /usr/lib/gcc/arm-none-eabi/14.2.0/../../../../arm-none-eabi/lib/thumb/v7e-m+fp/hard/libc_nano.a(libc_a-findfp.o)
 .text.global_stdio_init.part.0
                0x08007a70       0x40 /usr/lib/gcc/arm-none-eabi/14.2.0/../../../../arm-none-eabi/lib/thumb/v7e-m+fp/hard/libc_nano.a(libc_a-findfp.o)
 .text.__sfp_lock_acquire
                0x08007ab0        0xc /usr/lib/gcc/arm-none-eabi/14.2.0/../../../../arm-none-eabi/lib/thumb/v7e-m+fp/hard/libc_nano.a(libc_a-findfp.o)
                0x08007ab0                __sfp_lock_acquire
 .text.__sfp_lock_release
                0x08007abc        0xc /usr/lib/gcc/arm-none-eabi/14.2.0/../../../../arm-none-eabi/lib/thumb/v7e-m+fp/hard/libc_nano.a(libc_a-findfp.o)
                0x08007abc                __sfp_lock_release
 .text.__sinit  0x08007ac8       0x30 /usr/lib/gcc/arm-none-eabi/14.2.0/../../../../arm-none-eabi/lib/thumb/v7e-m+fp/hard/libc_nano.a(libc_a-findfp.o)
                0x08007ac8                __sinit
 .text._fwalk_sglue
                0x08007af8       0x3c /usr/lib/gcc/arm-none-eabi/14.2.0/../../../../arm-none-eabi/lib/thumb/v7e-m+fp/hard/libc_nano.a(libc_a-fwalk.o)
                0x08007af8                _fwalk_sglue
 .text.printf   0x08007b34       0x24 /usr/lib/gcc/arm-none-eabi/14.2.0/../../../../arm-none-eabi/lib/thumb/v7e-m+fp/hard/libc_nano.a(libc_a-printf.o)
                0x08007b34                printf
                0x08007b34                iprintf
 .text._puts_r  0x08007b58       0xaa /usr/lib/gcc/arm-none-eabi/14.2.0/../../../../arm-none-eabi/lib/thumb/v7e-m+fp/hard/libc_nano.a(libc_a-puts.o)
                0x08007b58                _puts_r
 *fill*         0x08007c02        0x2 
 .text.puts     0x08007c04       0x10 /usr/lib/gcc/arm-none-eabi/14.2.0/../../../../arm-none-eabi/lib/thumb/v7e-m+fp/hard/libc_nano.a(libc_a-puts.o)
                0x08007c04                puts
 .text.setbuf   0x08007c14       0x10 /usr/lib/gcc/arm-none-eabi/14.2.0/../../../../arm-none-eabi/lib/thumb/v7e-m+fp/hard/libc_nano.a(libc_a-setbuf.o)
                0x08007c14                setbuf
 .text.setvbuf  0x08007c24      0x168 /usr/lib/gcc/arm-none-eabi/14.2.0/../../../../arm-none-eabi/lib/thumb/v7e-m+fp/hard/libc_nano.a(libc_a-setvbuf.o)
                0x08007c24                setvbuf
 .text.__sread  0x08007d8c       0x22 /usr/lib/gcc/arm-none-eabi/14.2.0/../../../../arm-none-eabi/lib/thumb/v7e-m+fp/hard/libc_nano.a(libc_a-stdio.o)
                0x08007d8c                __sread
 .text.__swrite
                0x08007dae       0x38 /usr/lib/gcc/arm-none-eabi/14.2.0/../../../../arm-none-eabi/lib/thumb/v7e-m+fp/hard/libc_nano.a(libc_a-stdio.o)
                0x08007dae                __swrite
 .text.__sseek  0x08007de6       0x26 /usr/lib/gcc/arm-none-eabi/14.2.0/../../../../arm-none-eabi/lib/thumb/v7e-m+fp/hard/libc_nano.a(libc_a-stdio.o)
                0x08007de6                __sseek
 .text.__sclose
                0x08007e0c        0x8 /usr/lib/gcc/arm-none-eabi/14.2.0/../../../../arm-none-eabi/lib/thumb/v7e-m+fp/hard/libc_nano.a(libc_a-stdio.o)
                0x08007e0c                __sclose
 .text.__swbuf_r
                0x08007e14       0x7c /usr/lib/gcc/arm-none-eabi/14.2.0/../../../../arm-none-eabi/lib/thumb/v7e-m+fp/hard/libc_nano.a(libc_a-wbuf.o)
                0x08007e14                __swbuf_r
 .text.__swsetup_r
                0x08007e90       0xa8 /usr/lib/gcc/arm-none-eabi/14.2.0/../../../../arm-none-eabi/lib/thumb/v7e-m+fp/hard/libc_nano.a(libc_a-wsetup.o)
                0x08007e90                __swsetup_r
 .text.memset   0x08007f38       0x10 /usr/lib/gcc/arm-none-eabi/14.2.0/../../../../arm-none-eabi/lib/thumb/v7e-m+fp/hard/libc_nano.a(libc_a-memset.o)
                0x08007f38                memset
 .text._raise_r
                0x08007f48       0x50 /usr/lib/gcc/arm-none-eabi/14.2.0/../../../../arm-none-eabi/lib/thumb/v7e-m+fp/hard/libc_nano.a(libc_a-signal.o)
                0x08007f48                _raise_r
 .text.raise    0x08007f98       0x10 /usr/lib/gcc/arm-none-eabi/14.2.0/../../../../arm-none-eabi/lib/thumb/v7e-m+fp/hard/libc_nano.a(libc_a-signal.o)
                0x08007f98                raise
 .text._localeconv_r
                0x08007fa8        0x8 /usr/lib/gcc/arm-none-eabi/14.2.0/../../../../arm-none-eabi/lib/thumb/v7e-m+fp/hard/libc_nano.a(libc_a-localeconv.o)
                0x08007fa8                _localeconv_r
 .text._close_r
                0x08007fb0       0x20 /usr/lib/gcc/arm-none-eabi/14.2.0/../../../../arm-none-eabi/lib/thumb/v7e-m+fp/hard/libc_nano.a(libc_a-closer.o)
                0x08007fb0                _close_r
 .text._lseek_r
                0x08007fd0       0x24 /usr/lib/gcc/arm-none-eabi/14.2.0/../../../../arm-none-eabi/lib/thumb/v7e-m+fp/hard/libc_nano.a(libc_a-lseekr.o)
                0x08007fd0                _lseek_r
 .text._read_r  0x08007ff4       0x24 /usr/lib/gcc/arm-none-eabi/14.2.0/../../../../arm-none-eabi/lib/thumb/v7e-m+fp/hard/libc_nano.a(libc_a-readr.o)
                0x08007ff4                _read_r
 .text._kill_r  0x08008018       0x24 /usr/lib/gcc/arm-none-eabi/14.2.0/../../../../arm-none-eabi/lib/thumb/v7e-m+fp/hard/libc_nano.a(libc_a-signalr.o)
                0x08008018                _kill_r
 .text._getpid_r
                0x0800803c        0x4 /usr/lib/gcc/arm-none-eabi/14.2.0/../../../../arm-none-eabi/lib/thumb/v7e-m+fp/hard/libc_nano.a(libc_a-signalr.o)
                0x0800803c                _getpid_r
 .text._sbrk_r  0x08008040       0x20 /usr/lib/gcc/arm-none-eabi/14.2.0/../../../../arm-none-eabi/lib/thumb/v7e-m+fp/hard/libc_nano.a(libc_a-sbrkr.o)
                0x08008040                _sbrk_r
 .text._write_r
                0x08008060       0x24 /usr/lib/gcc/arm-none-eabi/14.2.0/../../../../arm-none-eabi/lib/thumb/v7e-m+fp/hard/libc_nano.a(libc_a-writer.o)
                0x08008060                _write_r
 .text.__errno  0x08008084        0xc /usr/lib/gcc/arm-none-eabi/14.2.0/../../../../arm-none-eabi/lib/thumb/v7e-m+fp/hard/libc_nano.a(libc_a-errno.o)
                0x08008084                __errno
 .text.__libc_init_array
                0x08008090       0x48 /usr/lib/gcc/arm-none-eabi/14.2.0/../../../../arm-none-eabi/lib/thumb/v7e-m+fp/hard/libc_nano.a(libc_a-init.o)
                0x08008090                __libc_init_array
 .text.__retarget_lock_init_recursive
                0x080080d8        0x2 /usr/lib/gcc/arm-none-eabi/14.2.0/../../../../arm-none-eabi/lib/thumb/v7e-m+fp/hard/libc_nano.a(libc_a-lock.o)
                0x080080d8                __retarget_lock_init_recursive
 .text.__retarget_lock_acquire_recursive
                0x080080da        0x2 /usr/lib/gcc/arm-none-eabi/14.2.0/../../../../arm-none-eabi/lib/thumb/v7e-m+fp/hard/libc_nano.a(libc_a-lock.o)
                0x080080da                __retarget_lock_acquire_recursive
 .text.__retarget_lock_release_recursive
                0x080080dc        0x2 /usr/lib/gcc/arm-none-eabi/14.2.0/../../../../arm-none-eabi/lib/thumb/v7e-m+fp/hard/libc_nano.a(libc_a-lock.o)
                0x080080dc                __retarget_lock_release_recursive
 .text.quorem   0x080080de      0x110 /usr/lib/gcc/arm-none-eabi/14.2.0/../../../../arm-none-eabi/lib/thumb/v7e-m+fp/hard/libc_nano.a(libc_a-dtoa.o)
 *fill*         0x080081ee        0x2 
 .text._dtoa_r  0x080081f0      0xbc0 /usr/lib/gcc/arm-none-eabi/14.2.0/../../../../arm-none-eabi/lib/thumb/v7e-m+fp/hard/libc_nano.a(libc_a-dtoa.o)
                0x080081f0                _dtoa_r
 .text._free_r  0x08008db0       0x94 /usr/lib/gcc/arm-none-eabi/14.2.0/../../../../arm-none-eabi/lib/thumb/v7e-m+fp/hard/libc_nano.a(libc_a-freer.o)
                0x08008db0                _free_r
 .text._Balloc  0x08008e44       0x7c /usr/lib/gcc/arm-none-eabi/14.2.0/../../../../arm-none-eabi/lib/thumb/v7e-m+fp/hard/libc_nano.a(libc_a-mprec.o)
                0x08008e44                _Balloc
 .text._Bfree   0x08008ec0       0x44 /usr/lib/gcc/arm-none-eabi/14.2.0/../../../../arm-none-eabi/lib/thumb/v7e-m+fp/hard/libc_nano.a(libc_a-mprec.o)
                0x08008ec0                _Bfree
 .text.__multadd
                0x08008f04       0x8c /usr/lib/gcc/arm-none-eabi/14.2.0/../../../../arm-none-eabi/lib/thumb/v7e-m+fp/hard/libc_nano.a(libc_a-mprec.o)
                0x08008f04                __multadd
 .text.__hi0bits
                0x08008f90       0x3e /usr/lib/gcc/arm-none-eabi/14.2.0/../../../../arm-none-eabi/lib/thumb/v7e-m+fp/hard/libc_nano.a(libc_a-mprec.o)
                0x08008f90                __hi0bits
 .text.__lo0bits
                0x08008fce       0x5a /usr/lib/gcc/arm-none-eabi/14.2.0/../../../../arm-none-eabi/lib/thumb/v7e-m+fp/hard/libc_nano.a(libc_a-mprec.o)
                0x08008fce                __lo0bits
 .text.__i2b    0x08009028       0x2c /usr/lib/gcc/arm-none-eabi/14.2.0/../../../../arm-none-eabi/lib/thumb/v7e-m+fp/hard/libc_nano.a(libc_a-mprec.o)
                0x08009028                __i2b
 .text.__multiply
                0x08009054      0x154 /usr/lib/gcc/arm-none-eabi/14.2.0/../../../../arm-none-eabi/lib/thumb/v7e-m+fp/hard/libc_nano.a(libc_a-mprec.o)
                0x08009054                __multiply
 .text.__pow5mult
                0x080091a8       0xb8 /usr/lib/gcc/arm-none-eabi/14.2.0/../../../../arm-none-eabi/lib/thumb/v7e-m+fp/hard/libc_nano.a(libc_a-mprec.o)
                0x080091a8                __pow5mult
 .text.__lshift
                0x08009260       0xdc /usr/lib/gcc/arm-none-eabi/14.2.0/../../../../arm-none-eabi/lib/thumb/v7e-m+fp/hard/libc_nano.a(libc_a-mprec.o)
                0x08009260                __lshift
 .text.__mcmp   0x0800933c       0x36 /usr/lib/gcc/arm-none-eabi/14.2.0/../../../../arm-none-eabi/lib/thumb/v7e-m+fp/hard/libc_nano.a(libc_a-mprec.o)
                0x0800933c                __mcmp
 *fill*         0x08009372        0x2 
 .text.__mdiff  0x08009374      0x130 /usr/lib/gcc/arm-none-eabi/14.2.0/../../../../arm-none-eabi/lib/thumb/v7e-m+fp/hard/libc_nano.a(libc_a-mprec.o)
                0x08009374                __mdiff
 .text.__d2b    0x080094a4       0xb0 /usr/lib/gcc/arm-none-eabi/14.2.0/../../../../arm-none-eabi/lib/thumb/v7e-m+fp/hard/libc_nano.a(libc_a-mprec.o)
                0x080094a4                __d2b
 .text.__sfputc_r
                0x08009554       0x2e /usr/lib/gcc/arm-none-eabi/14.2.0/../../../../arm-none-eabi/lib/thumb/v7e-m+fp/hard/libc_nano.a(libc_a-nano-vfprintf.o)
 .text.__sfputs_r
                0x08009582       0x24 /usr/lib/gcc/arm-none-eabi/14.2.0/../../../../arm-none-eabi/lib/thumb/v7e-m+fp/hard/libc_nano.a(libc_a-nano-vfprintf.o)
                0x08009582                __sfputs_r
 *fill*         0x080095a6        0x2 
 .text._vfprintf_r
                0x080095a8      0x230 /usr/lib/gcc/arm-none-eabi/14.2.0/../../../../arm-none-eabi/lib/thumb/v7e-m+fp/hard/libc_nano.a(libc_a-nano-vfprintf.o)
                0x080095a8                _vfiprintf_r
                0x080095a8                _vfprintf_r
 .text.__sflush_r
                0x080097d8      0x104 /usr/lib/gcc/arm-none-eabi/14.2.0/../../../../arm-none-eabi/lib/thumb/v7e-m+fp/hard/libc_nano.a(libc_a-fflush.o)
                0x080097d8                __sflush_r
 .text._fflush_r
                0x080098dc       0x50 /usr/lib/gcc/arm-none-eabi/14.2.0/../../../../arm-none-eabi/lib/thumb/v7e-m+fp/hard/libc_nano.a(libc_a-fflush.o)
                0x080098dc                _fflush_r
 .text.__swhatbuf_r
                0x0800992c       0x48 /usr/lib/gcc/arm-none-eabi/14.2.0/../../../../arm-none-eabi/lib/thumb/v7e-m+fp/hard/libc_nano.a(libc_a-makebuf.o)
                0x0800992c                __swhatbuf_r
 .text.__smakebuf_r
                0x08009974       0x72 /usr/lib/gcc/arm-none-eabi/14.2.0/../../../../arm-none-eabi/lib/thumb/v7e-m+fp/hard/libc_nano.a(libc_a-makebuf.o)
                0x08009974                __smakebuf_r
 *fill*         0x080099e6        0x2 
 .text._fstat_r
                0x080099e8       0x24 /usr/lib/gcc/arm-none-eabi/14.2.0/../../../../arm-none-eabi/lib/thumb/v7e-m+fp/hard/libc_nano.a(libc_a-fstatr.o)
                0x080099e8                _fstat_r
 .text._isatty_r
                0x08009a0c       0x20 /usr/lib/gcc/arm-none-eabi/14.2.0/../../../../arm-none-eabi/lib/thumb/v7e-m+fp/hard/libc_nano.a(libc_a-isattyr.o)
                0x08009a0c                _isatty_r
 .text.memcpy   0x08009a2c       0x1c /usr/lib/gcc/arm-none-eabi/14.2.0/../../../../arm-none-eabi/lib/thumb/v7e-m+fp/hard/libc_nano.a(libc_a-memcpy-stub.o)
                0x08009a2c                memcpy
 .text.__assert_func
                0x08009a48       0x3c /usr/lib/gcc/arm-none-eabi/14.2.0/../../../../arm-none-eabi/lib/thumb/v7e-m+fp/hard/libc_nano.a(libc_a-assert.o)
                0x08009a48                __assert_func
 .text._calloc_r
                0x08009a84       0x28 /usr/lib/gcc/arm-none-eabi/14.2.0/../../../../arm-none-eabi/lib/thumb/v7e-m+fp/hard/libc_nano.a(libc_a-callocr.o)
                0x08009a84                _calloc_r
 .text.__ascii_mbtowc
                0x08009aac       0x24 /usr/lib/gcc/arm-none-eabi/14.2.0/../../../../arm-none-eabi/lib/thumb/v7e-m+fp/hard/libc_nano.a(libc_a-mbtowc_r.o)
                0x08009aac                __ascii_mbtowc
 .text.__ascii_wctomb
                0x08009ad0       0x1a /usr/lib/gcc/arm-none-eabi/14.2.0/../../../../arm-none-eabi/lib/thumb/v7e-m+fp/hard/libc_nano.a(libc_a-wctomb_r.o)
                0x08009ad0                __ascii_wctomb
 *fill*         0x08009aea        0x2 
 .text.fprintf  0x08009aec       0x24 /usr/lib/gcc/arm-none-eabi/14.2.0/../../../../arm-none-eabi/lib/thumb/v7e-m+fp/hard/libc_nano.a(libc_a-fprintf.o)
                0x08009aec                fprintf
                0x08009aec                fiprintf
 *(.glue_7)
 .glue_7        0x08009b10        0x0 linker stubs
 *(.glue_7t)
 .glue_7t       0x08009b10        0x0 linker stubs
 *(.eh_frame)
 .eh_frame      0x08009b10        0x0 /usr/lib/gcc/arm-none-eabi/14.2.0/thumb/v7e-m+fp/hard/crtbegin.o
 *(.init)
 .init          0x08009b10        0x4 /usr/lib/gcc/arm-none-eabi/14.2.0/thumb/v7e-m+fp/hard/crti.o
                0x08009b10                _init
 .init          0x08009b14        0x8 /usr/lib/gcc/arm-none-eabi/14.2.0/thumb/v7e-m+fp/hard/crtn.o
 *(.fini)
 .fini          0x08009b1c        0x4 /usr/lib/gcc/arm-none-eabi/14.2.0/thumb/v7e-m+fp/hard/crti.o
                0x08009b1c                _fini
 .fini          0x08009b20        0x8 /usr/lib/gcc/arm-none-eabi/14.2.0/thumb/v7e-m+fp/hard/crtn.o
                0x08009b28                        . = ALIGN (0x4)
                0x08009b28                        _etext = .

.vfp11_veneer   0x08009b28        0x0
 .vfp11_veneer  0x08009b28        0x0 linker stubs

.v4_bx          0x08009b28        0x0
 .v4_bx         0x08009b28        0x0 linker stubs

.iplt           0x08009b28        0x0
 .iplt          0x08009b28        0x0 /usr/lib/gcc/arm-none-eabi/14.2.0/thumb/v7e-m+fp/hard/crtbegin.o

.rodata         0x08009b28      0x5a4
                0x08009b28                        . = ALIGN (0x4)
 *(.rodata)
 .rodata        0x08009b28       0x6b CMakeFiles/InvertedPendulum-STM32.dir/Core/App/Test/test_framework.cpp.obj
 *fill*         0x08009b93        0x1 
 .rodata        0x08009b94      0x1b4 CMakeFiles/InvertedPendulum-STM32.dir/Core/App/Test/test_main.cpp.obj
 *(.rodata*)
 .rodata.AHBPrescTable
                0x08009d48       0x10 cmake/stm32cubemx/CMakeFiles/STM32_Drivers.dir/__/__/Core/Src/system_stm32f3xx.c.obj
                0x08009d48                AHBPrescTable
 .rodata.APBPrescTable
                0x08009d58        0x8 cmake/stm32cubemx/CMakeFiles/STM32_Drivers.dir/__/__/Core/Src/system_stm32f3xx.c.obj
                0x08009d58                APBPrescTable
 .rodata.aPLLMULFactorTable
                0x08009d60       0x10 cmake/stm32cubemx/CMakeFiles/STM32_Drivers.dir/__/__/Drivers/STM32F3xx_HAL_Driver/Src/stm32f3xx_hal_rcc.c.obj
 .rodata.aPredivFactorTable
                0x08009d70       0x10 cmake/stm32cubemx/CMakeFiles/STM32_Drivers.dir/__/__/Drivers/STM32F3xx_HAL_Driver/Src/stm32f3xx_hal_rcc.c.obj
 .rodata._printf_float.str1.1
                0x08009d80      0x145 /usr/lib/gcc/arm-none-eabi/14.2.0/../../../../arm-none-eabi/lib/thumb/v7e-m+fp/hard/libc_nano.a(libc_a-nano-vfprintf_float.o)
                                 0x12 (size before relaxing)
 .rodata._printf_i.str1.1
                0x08009ec5       0x22 /usr/lib/gcc/arm-none-eabi/14.2.0/../../../../arm-none-eabi/lib/thumb/v7e-m+fp/hard/libc_nano.a(libc_a-nano-vfprintf_i.o)
 .rodata._dtoa_r.str1.1
                0x08009ec5       0x79 /usr/lib/gcc/arm-none-eabi/14.2.0/../../../../arm-none-eabi/lib/thumb/v7e-m+fp/hard/libc_nano.a(libc_a-dtoa.o)
 .rodata._Balloc.str1.1
                0x08009ec5       0x5a /usr/lib/gcc/arm-none-eabi/14.2.0/../../../../arm-none-eabi/lib/thumb/v7e-m+fp/hard/libc_nano.a(libc_a-mprec.o)
 .rodata.__multadd.str1.1
                0x08009ec5       0x11 /usr/lib/gcc/arm-none-eabi/14.2.0/../../../../arm-none-eabi/lib/thumb/v7e-m+fp/hard/libc_nano.a(libc_a-mprec.o)
 *fill*         0x08009ec5        0x3 
 .rodata.p05.0  0x08009ec8        0xc /usr/lib/gcc/arm-none-eabi/14.2.0/../../../../arm-none-eabi/lib/thumb/v7e-m+fp/hard/libc_nano.a(libc_a-mprec.o)
 *fill*         0x08009ed4        0x4 
 .rodata.__mprec_bigtens
                0x08009ed8       0x28 /usr/lib/gcc/arm-none-eabi/14.2.0/../../../../arm-none-eabi/lib/thumb/v7e-m+fp/hard/libc_nano.a(libc_a-mprec.o)
                0x08009ed8                __mprec_bigtens
 .rodata.__mprec_tens
                0x08009f00       0xc8 /usr/lib/gcc/arm-none-eabi/14.2.0/../../../../arm-none-eabi/lib/thumb/v7e-m+fp/hard/libc_nano.a(libc_a-mprec.o)
                0x08009f00                __mprec_tens
 .rodata._vfprintf_r.str1.1
                0x08009fc8       0x11 /usr/lib/gcc/arm-none-eabi/14.2.0/../../../../arm-none-eabi/lib/thumb/v7e-m+fp/hard/libc_nano.a(libc_a-nano-vfprintf.o)
 .rodata._setlocale_r.str1.1
                0x08009fc8        0x9 /usr/lib/gcc/arm-none-eabi/14.2.0/../../../../arm-none-eabi/lib/thumb/v7e-m+fp/hard/libc_nano.a(libc_a-locale.o)
 .rodata.str1.1
                0x08009fc8        0x2 /usr/lib/gcc/arm-none-eabi/14.2.0/../../../../arm-none-eabi/lib/thumb/v7e-m+fp/hard/libc_nano.a(libc_a-locale.o)
 .rodata.__assert_func.str1.1
                0x08009fc8       0x3d /usr/lib/gcc/arm-none-eabi/14.2.0/../../../../arm-none-eabi/lib/thumb/v7e-m+fp/hard/libc_nano.a(libc_a-assert.o)
 .rodata._ctype_
                0x08009fc8      0x101 /usr/lib/gcc/arm-none-eabi/14.2.0/../../../../arm-none-eabi/lib/thumb/v7e-m+fp/hard/libc_nano.a(libc_a-ctype_.o)
                0x08009fc8                _ctype_
                0x0800a0cc                        . = ALIGN (0x4)
 *fill*         0x0800a0c9        0x3 

.ARM.extab      0x0800a0cc        0x0
                0x0800a0cc                        . = ALIGN (0x4)
 *(.ARM.extab* .gnu.linkonce.armextab.*)
                0x0800a0cc                        . = ALIGN (0x4)

.ARM            0x0800a0cc        0x8
                0x0800a0cc                        . = ALIGN (0x4)
                0x0800a0cc                        __exidx_start = .
 *(.ARM.exidx*)
 .ARM.exidx     0x0800a0cc        0x8 /usr/lib/gcc/arm-none-eabi/14.2.0/../../../../arm-none-eabi/lib/thumb/v7e-m+fp/hard/libc_nano.a(libc_a-memchr.o)
 .ARM.exidx     0x0800a0d4        0x0 /usr/lib/gcc/arm-none-eabi/14.2.0/../../../../arm-none-eabi/lib/thumb/v7e-m+fp/hard/libc_nano.a(libc_a-strlen.o)
                                  0x8 (size before relaxing)
                0x0800a0d4                        __exidx_end = .
                0x0800a0d4                        . = ALIGN (0x4)

.preinit_array  0x0800a0d4        0x0
                0x0800a0d4                        . = ALIGN (0x4)
                0x0800a0d4                        PROVIDE (__preinit_array_start = .)
 *(.preinit_array*)
                0x0800a0d4                        PROVIDE (__preinit_array_end = .)
                0x0800a0d4                        . = ALIGN (0x4)

.init_array     0x0800a0d4        0x8
                0x0800a0d4                        . = ALIGN (0x4)
                0x0800a0d4                        PROVIDE (__init_array_start = .)
 *(SORT_BY_NAME(.init_array.*))
 *(.init_array*)
 .init_array    0x0800a0d4        0x4 /usr/lib/gcc/arm-none-eabi/14.2.0/thumb/v7e-m+fp/hard/crtbegin.o
 .init_array    0x0800a0d8        0x4 CMakeFiles/InvertedPendulum-STM32.dir/Core/App/Src/app_wrapper.cpp.obj
                0x0800a0dc                        PROVIDE (__init_array_end = .)
                0x0800a0dc                        . = ALIGN (0x4)

.fini_array     0x0800a0dc        0x4
                0x0800a0dc                        . = ALIGN (0x4)
                0x0800a0dc                        PROVIDE (__fini_array_start = .)
 *(SORT_BY_NAME(.fini_array.*))
 *(.fini_array*)
 .fini_array    0x0800a0dc        0x4 /usr/lib/gcc/arm-none-eabi/14.2.0/thumb/v7e-m+fp/hard/crtbegin.o
                0x0800a0e0                        PROVIDE (__fini_array_end = .)
                0x0800a0e0                        . = ALIGN (0x4)
                0x0800a0e0                        _sidata = LOADADDR (.data)

.rel.dyn        0x0800a0e0        0x0
 .rel.iplt      0x0800a0e0        0x0 /usr/lib/gcc/arm-none-eabi/14.2.0/thumb/v7e-m+fp/hard/crtbegin.o

.data           0x20000000      0x1d4 load address 0x0800a0e0
                0x20000000                        . = ALIGN (0x4)
                0x20000000                        _sdata = .
 *(.data)
 *(.data*)
 .data.SystemCoreClock
                0x20000000        0x4 cmake/stm32cubemx/CMakeFiles/STM32_Drivers.dir/__/__/Core/Src/system_stm32f3xx.c.obj
                0x20000000                SystemCoreClock
 .data.uwTickPrio
                0x20000004        0x4 cmake/stm32cubemx/CMakeFiles/STM32_Drivers.dir/__/__/Drivers/STM32F3xx_HAL_Driver/Src/stm32f3xx_hal.c.obj
                0x20000004                uwTickPrio
 .data.uwTickFreq
                0x20000008        0x1 cmake/stm32cubemx/CMakeFiles/STM32_Drivers.dir/__/__/Drivers/STM32F3xx_HAL_Driver/Src/stm32f3xx_hal.c.obj
                0x20000008                uwTickFreq
 *fill*         0x20000009        0x3 
 .data.__sglue  0x2000000c        0xc /usr/lib/gcc/arm-none-eabi/14.2.0/../../../../arm-none-eabi/lib/thumb/v7e-m+fp/hard/libc_nano.a(libc_a-findfp.o)
                0x2000000c                __sglue
 .data._impure_ptr
                0x20000018        0x4 /usr/lib/gcc/arm-none-eabi/14.2.0/../../../../arm-none-eabi/lib/thumb/v7e-m+fp/hard/libc_nano.a(libc_a-impure.o)
                0x20000018                _impure_ptr
 .data._impure_data
                0x2000001c       0x4c /usr/lib/gcc/arm-none-eabi/14.2.0/../../../../arm-none-eabi/lib/thumb/v7e-m+fp/hard/libc_nano.a(libc_a-impure.o)
                0x2000001c                _impure_data
 .data.__global_locale
                0x20000068      0x16c /usr/lib/gcc/arm-none-eabi/14.2.0/../../../../arm-none-eabi/lib/thumb/v7e-m+fp/hard/libc_nano.a(libc_a-locale.o)
                0x20000068                __global_locale
 *(.RamFunc)
 *(.RamFunc*)
                0x200001d4                        . = ALIGN (0x4)
                0x200001d4                        _edata = .
                0x0800a2b4                        _siccmram = LOADADDR (.ccmram)

.igot.plt       0x200001d4        0x0 load address 0x0800a2b4
 .igot.plt      0x200001d4        0x0 /usr/lib/gcc/arm-none-eabi/14.2.0/thumb/v7e-m+fp/hard/crtbegin.o

.ccmram         0x10000000        0x0 load address 0x0800a2b4
                0x10000000                        . = ALIGN (0x4)
                0x10000000                        _sccmram = .
 *(.ccmram)
 *(.ccmram*)
                0x10000000                        . = ALIGN (0x4)
                0x10000000                        _eccmram = .
                0x10000000                        . = ALIGN (0x4)

.bss            0x200001d4      0x52c
                0x200001d4                        _sbss = .
                0x200001d4                        __bss_start__ = _sbss
 *(.bss)
 *(.bss*)
 .bss.completed.1
                0x200001d4        0x1 /usr/lib/gcc/arm-none-eabi/14.2.0/thumb/v7e-m+fp/hard/crtbegin.o
 *fill*         0x200001d5        0x3 
 .bss.object.0  0x200001d8       0x18 /usr/lib/gcc/arm-none-eabi/14.2.0/thumb/v7e-m+fp/hard/crtbegin.o
 .bss.uwTick    0x200001f0        0x4 cmake/stm32cubemx/CMakeFiles/STM32_Drivers.dir/__/__/Drivers/STM32F3xx_HAL_Driver/Src/stm32f3xx_hal.c.obj
                0x200001f0                uwTick
 .bss.hadc1     0x200001f4       0x50 CMakeFiles/InvertedPendulum-STM32.dir/Core/Src/adc.c.obj
                0x200001f4                hadc1
 .bss.hadc2     0x20000244       0x50 CMakeFiles/InvertedPendulum-STM32.dir/Core/Src/adc.c.obj
                0x20000244                hadc2
 .bss.hdma_adc1
                0x20000294       0x44 CMakeFiles/InvertedPendulum-STM32.dir/Core/Src/adc.c.obj
                0x20000294                hdma_adc1
 .bss.hdma_adc2
                0x200002d8       0x44 CMakeFiles/InvertedPendulum-STM32.dir/Core/Src/adc.c.obj
                0x200002d8                hdma_adc2
 .bss.HAL_RCC_ADC12_CLK_ENABLED
                0x2000031c        0x4 CMakeFiles/InvertedPendulum-STM32.dir/Core/Src/adc.c.obj
 .bss.htim1     0x20000320       0x4c CMakeFiles/InvertedPendulum-STM32.dir/Core/Src/tim.c.obj
                0x20000320                htim1
 .bss.htim2     0x2000036c       0x4c CMakeFiles/InvertedPendulum-STM32.dir/Core/Src/tim.c.obj
                0x2000036c                htim2
 .bss.htim3     0x200003b8       0x4c CMakeFiles/InvertedPendulum-STM32.dir/Core/Src/tim.c.obj
                0x200003b8                htim3
 .bss.htim6     0x20000404       0x4c CMakeFiles/InvertedPendulum-STM32.dir/Core/Src/tim.c.obj
                0x20000404                htim6
 .bss.huart2    0x20000450       0x88 CMakeFiles/InvertedPendulum-STM32.dir/Core/Src/usart.c.obj
                0x20000450                huart2
 .bss.__sbrk_heap_end
                0x200004d8        0x4 CMakeFiles/InvertedPendulum-STM32.dir/Core/Src/sysmem.c.obj
 .bss._ZZN3App11getInstanceEvE8instance
                0x200004dc       0xc4 CMakeFiles/InvertedPendulum-STM32.dir/Core/App/Src/app_wrapper.cpp.obj
                0x200004dc                App::getInstance()::instance
 .bss._ZGVZN3App11getInstanceEvE8instance
                0x200005a0        0x4 CMakeFiles/InvertedPendulum-STM32.dir/Core/App/Src/app_wrapper.cpp.obj
                0x200005a0                guard variable for App::getInstance()::instance
 .bss.AppInstance
                0x200005a4        0x4 CMakeFiles/InvertedPendulum-STM32.dir/Core/App/Src/app_wrapper.cpp.obj
                0x200005a4                AppInstance
 .bss._ZN10TestRunner11total_testsE
                0x200005a8        0x4 CMakeFiles/InvertedPendulum-STM32.dir/Core/App/Test/test_framework.cpp.obj
                0x200005a8                TestRunner::total_tests
 .bss._ZN10TestRunner12failed_testsE
                0x200005ac        0x4 CMakeFiles/InvertedPendulum-STM32.dir/Core/App/Test/test_framework.cpp.obj
                0x200005ac                TestRunner::failed_tests
 .bss._ZN12_GLOBAL__N_113__new_handlerE
                0x200005b0        0x4 /usr/lib/gcc/arm-none-eabi/14.2.0/../../../../arm-none-eabi/lib/thumb/v7e-m+fp/hard/libstdc++_nano.a(new_handler.o)
 .bss.__malloc_sbrk_start
                0x200005b4        0x4 /usr/lib/gcc/arm-none-eabi/14.2.0/../../../../arm-none-eabi/lib/thumb/v7e-m+fp/hard/libc_nano.a(libc_a-mallocr.o)
                0x200005b4                __malloc_sbrk_start
 .bss.__malloc_free_list
                0x200005b8        0x4 /usr/lib/gcc/arm-none-eabi/14.2.0/../../../../arm-none-eabi/lib/thumb/v7e-m+fp/hard/libc_nano.a(libc_a-mallocr.o)
                0x200005b8                __malloc_free_list
 .bss.__sf      0x200005bc      0x138 /usr/lib/gcc/arm-none-eabi/14.2.0/../../../../arm-none-eabi/lib/thumb/v7e-m+fp/hard/libc_nano.a(libc_a-findfp.o)
                0x200005bc                __sf
 .bss.__stdio_exit_handler
                0x200006f4        0x4 /usr/lib/gcc/arm-none-eabi/14.2.0/../../../../arm-none-eabi/lib/thumb/v7e-m+fp/hard/libc_nano.a(libc_a-findfp.o)
                0x200006f4                __stdio_exit_handler
 .bss.errno     0x200006f8        0x4 /usr/lib/gcc/arm-none-eabi/14.2.0/../../../../arm-none-eabi/lib/thumb/v7e-m+fp/hard/libc_nano.a(libc_a-reent.o)
                0x200006f8                errno
 .bss.__lock___malloc_recursive_mutex
                0x200006fc        0x1 /usr/lib/gcc/arm-none-eabi/14.2.0/../../../../arm-none-eabi/lib/thumb/v7e-m+fp/hard/libc_nano.a(libc_a-lock.o)
                0x200006fc                __lock___malloc_recursive_mutex
 .bss.__lock___sfp_recursive_mutex
                0x200006fd        0x1 /usr/lib/gcc/arm-none-eabi/14.2.0/../../../../arm-none-eabi/lib/thumb/v7e-m+fp/hard/libc_nano.a(libc_a-lock.o)
                0x200006fd                __lock___sfp_recursive_mutex
 *(COMMON)
                0x20000700                        . = ALIGN (0x4)
 *fill*         0x200006fe        0x2 
                0x20000700                        _ebss = .
                0x20000700                        __bss_end__ = _ebss

._user_heap_stack
                0x20000700      0x600
                0x20000700                        . = ALIGN (0x8)
                [!provide]                        PROVIDE (end = .)
                0x20000700                        PROVIDE (_end = .)
                0x20000900                        . = (. + _Min_Heap_Size)
 *fill*         0x20000700      0x200 
                0x20000d00                        . = (. + _Min_Stack_Size)
 *fill*         0x20000900      0x400 
                0x20000d00                        . = ALIGN (0x8)

/DISCARD/
 libc.a(*)
 libm.a(*)
 libgcc.a(*)
OUTPUT(InvertedPendulum-STM32.elf elf32-littlearm)
LOAD linker stubs
LOAD /usr/lib/gcc/arm-none-eabi/14.2.0/../../../../arm-none-eabi/lib/thumb/v7e-m+fp/hard/libc.a
LOAD /usr/lib/gcc/arm-none-eabi/14.2.0/../../../../arm-none-eabi/lib/thumb/v7e-m+fp/hard/libm.a
LOAD /usr/lib/gcc/arm-none-eabi/14.2.0/thumb/v7e-m+fp/hard/libgcc.a

.ARM.attributes
                0x00000000       0x30
 .ARM.attributes
                0x00000000       0x22 /usr/lib/gcc/arm-none-eabi/14.2.0/thumb/v7e-m+fp/hard/crti.o
 .ARM.attributes
                0x00000022       0x34 /usr/lib/gcc/arm-none-eabi/14.2.0/thumb/v7e-m+fp/hard/crtbegin.o
 .ARM.attributes
                0x00000056       0x34 cmake/stm32cubemx/CMakeFiles/STM32_Drivers.dir/__/__/Core/Src/system_stm32f3xx.c.obj
 .ARM.attributes
                0x0000008a       0x34 cmake/stm32cubemx/CMakeFiles/STM32_Drivers.dir/__/__/Drivers/STM32F3xx_HAL_Driver/Src/stm32f3xx_hal_adc.c.obj
 .ARM.attributes
                0x000000be       0x34 cmake/stm32cubemx/CMakeFiles/STM32_Drivers.dir/__/__/Drivers/STM32F3xx_HAL_Driver/Src/stm32f3xx_hal_adc_ex.c.obj
 .ARM.attributes
                0x000000f2       0x34 cmake/stm32cubemx/CMakeFiles/STM32_Drivers.dir/__/__/Drivers/STM32F3xx_HAL_Driver/Src/stm32f3xx_hal.c.obj
 .ARM.attributes
                0x00000126       0x34 cmake/stm32cubemx/CMakeFiles/STM32_Drivers.dir/__/__/Drivers/STM32F3xx_HAL_Driver/Src/stm32f3xx_hal_rcc.c.obj
 .ARM.attributes
                0x0000015a       0x34 cmake/stm32cubemx/CMakeFiles/STM32_Drivers.dir/__/__/Drivers/STM32F3xx_HAL_Driver/Src/stm32f3xx_hal_rcc_ex.c.obj
 .ARM.attributes
                0x0000018e       0x34 cmake/stm32cubemx/CMakeFiles/STM32_Drivers.dir/__/__/Drivers/STM32F3xx_HAL_Driver/Src/stm32f3xx_hal_gpio.c.obj
 .ARM.attributes
                0x000001c2       0x34 cmake/stm32cubemx/CMakeFiles/STM32_Drivers.dir/__/__/Drivers/STM32F3xx_HAL_Driver/Src/stm32f3xx_hal_dma.c.obj
 .ARM.attributes
                0x000001f6       0x34 cmake/stm32cubemx/CMakeFiles/STM32_Drivers.dir/__/__/Drivers/STM32F3xx_HAL_Driver/Src/stm32f3xx_hal_cortex.c.obj
 .ARM.attributes
                0x0000022a       0x34 cmake/stm32cubemx/CMakeFiles/STM32_Drivers.dir/__/__/Drivers/STM32F3xx_HAL_Driver/Src/stm32f3xx_hal_tim.c.obj
 .ARM.attributes
                0x0000025e       0x34 cmake/stm32cubemx/CMakeFiles/STM32_Drivers.dir/__/__/Drivers/STM32F3xx_HAL_Driver/Src/stm32f3xx_hal_tim_ex.c.obj
 .ARM.attributes
                0x00000292       0x34 cmake/stm32cubemx/CMakeFiles/STM32_Drivers.dir/__/__/Drivers/STM32F3xx_HAL_Driver/Src/stm32f3xx_hal_uart.c.obj
 .ARM.attributes
                0x000002c6       0x34 CMakeFiles/InvertedPendulum-STM32.dir/Core/Src/main.c.obj
 .ARM.attributes
                0x000002fa       0x34 CMakeFiles/InvertedPendulum-STM32.dir/Core/Src/gpio.c.obj
 .ARM.attributes
                0x0000032e       0x34 CMakeFiles/InvertedPendulum-STM32.dir/Core/Src/adc.c.obj
 .ARM.attributes
                0x00000362       0x34 CMakeFiles/InvertedPendulum-STM32.dir/Core/Src/dma.c.obj
 .ARM.attributes
                0x00000396       0x34 CMakeFiles/InvertedPendulum-STM32.dir/Core/Src/tim.c.obj
 .ARM.attributes
                0x000003ca       0x34 CMakeFiles/InvertedPendulum-STM32.dir/Core/Src/usart.c.obj
 .ARM.attributes
                0x000003fe       0x34 CMakeFiles/InvertedPendulum-STM32.dir/Core/Src/stm32f3xx_it.c.obj
 .ARM.attributes
                0x00000432       0x34 CMakeFiles/InvertedPendulum-STM32.dir/Core/Src/stm32f3xx_hal_msp.c.obj
 .ARM.attributes
                0x00000466       0x34 CMakeFiles/InvertedPendulum-STM32.dir/Core/Src/sysmem.c.obj
 .ARM.attributes
                0x0000049a       0x34 CMakeFiles/InvertedPendulum-STM32.dir/Core/Src/syscalls.c.obj
 .ARM.attributes
                0x000004ce       0x21 CMakeFiles/InvertedPendulum-STM32.dir/startup_stm32f303x8.s.obj
 .ARM.attributes
                0x000004ef       0x34 CMakeFiles/InvertedPendulum-STM32.dir/Core/App/Src/app_wrapper.cpp.obj
 .ARM.attributes
                0x00000523       0x34 CMakeFiles/InvertedPendulum-STM32.dir/Core/App/Src/pid.cpp.obj
 .ARM.attributes
                0x00000557       0x34 CMakeFiles/InvertedPendulum-STM32.dir/Core/App/Src/lpf.cpp.obj
 .ARM.attributes
                0x0000058b       0x34 CMakeFiles/InvertedPendulum-STM32.dir/Core/App/Src/motor_observer.cpp.obj
 .ARM.attributes
                0x000005bf       0x34 CMakeFiles/InvertedPendulum-STM32.dir/Core/App/Lib/QEI/qei.c.obj
 .ARM.attributes
                0x000005f3       0x34 CMakeFiles/InvertedPendulum-STM32.dir/Core/App/Lib/MATLAB/feedback_controller.cpp.obj
 .ARM.attributes
                0x00000627       0x34 CMakeFiles/InvertedPendulum-STM32.dir/Core/App/Test/test_framework.cpp.obj
 .ARM.attributes
                0x0000065b       0x34 CMakeFiles/InvertedPendulum-STM32.dir/Core/App/Test/test_main.cpp.obj
 .ARM.attributes
                0x0000068f       0x34 /usr/lib/gcc/arm-none-eabi/14.2.0/../../../../arm-none-eabi/lib/thumb/v7e-m+fp/hard/libstdc++_nano.a(new_op.o)
 .ARM.attributes
                0x000006c3       0x34 /usr/lib/gcc/arm-none-eabi/14.2.0/../../../../arm-none-eabi/lib/thumb/v7e-m+fp/hard/libstdc++_nano.a(new_handler.o)
 .ARM.attributes
                0x000006f7       0x34 /usr/lib/gcc/arm-none-eabi/14.2.0/../../../../arm-none-eabi/lib/thumb/v7e-m+fp/hard/libc_nano.a(libc_a-abort.o)
 .ARM.attributes
                0x0000072b       0x34 /usr/lib/gcc/arm-none-eabi/14.2.0/../../../../arm-none-eabi/lib/thumb/v7e-m+fp/hard/libc_nano.a(libc_a-malloc.o)
 .ARM.attributes
                0x0000075f       0x34 /usr/lib/gcc/arm-none-eabi/14.2.0/../../../../arm-none-eabi/lib/thumb/v7e-m+fp/hard/libc_nano.a(libc_a-mallocr.o)
 .ARM.attributes
                0x00000793       0x34 /usr/lib/gcc/arm-none-eabi/14.2.0/../../../../arm-none-eabi/lib/thumb/v7e-m+fp/hard/libc_nano.a(libc_a-mlock.o)
 .ARM.attributes
                0x000007c7       0x34 /usr/lib/gcc/arm-none-eabi/14.2.0/../../../../arm-none-eabi/lib/thumb/v7e-m+fp/hard/libc_nano.a(libc_a-nano-vfprintf_float.o)
 .ARM.attributes
                0x000007fb       0x34 /usr/lib/gcc/arm-none-eabi/14.2.0/../../../../arm-none-eabi/lib/thumb/v7e-m+fp/hard/libc_nano.a(libc_a-nano-vfprintf_i.o)
 .ARM.attributes
                0x0000082f       0x34 /usr/lib/gcc/arm-none-eabi/14.2.0/../../../../arm-none-eabi/lib/thumb/v7e-m+fp/hard/libc_nano.a(libc_a-findfp.o)
 .ARM.attributes
                0x00000863       0x34 /usr/lib/gcc/arm-none-eabi/14.2.0/../../../../arm-none-eabi/lib/thumb/v7e-m+fp/hard/libc_nano.a(libc_a-fwalk.o)
 .ARM.attributes
                0x00000897       0x34 /usr/lib/gcc/arm-none-eabi/14.2.0/../../../../arm-none-eabi/lib/thumb/v7e-m+fp/hard/libc_nano.a(libc_a-printf.o)
 .ARM.attributes
                0x000008cb       0x34 /usr/lib/gcc/arm-none-eabi/14.2.0/../../../../arm-none-eabi/lib/thumb/v7e-m+fp/hard/libc_nano.a(libc_a-puts.o)
 .ARM.attributes
                0x000008ff       0x34 /usr/lib/gcc/arm-none-eabi/14.2.0/../../../../arm-none-eabi/lib/thumb/v7e-m+fp/hard/libc_nano.a(libc_a-setbuf.o)
 .ARM.attributes
                0x00000933       0x34 /usr/lib/gcc/arm-none-eabi/14.2.0/../../../../arm-none-eabi/lib/thumb/v7e-m+fp/hard/libc_nano.a(libc_a-setvbuf.o)
 .ARM.attributes
                0x00000967       0x34 /usr/lib/gcc/arm-none-eabi/14.2.0/../../../../arm-none-eabi/lib/thumb/v7e-m+fp/hard/libc_nano.a(libc_a-stdio.o)
 .ARM.attributes
                0x0000099b       0x34 /usr/lib/gcc/arm-none-eabi/14.2.0/../../../../arm-none-eabi/lib/thumb/v7e-m+fp/hard/libc_nano.a(libc_a-wbuf.o)
 .ARM.attributes
                0x000009cf       0x34 /usr/lib/gcc/arm-none-eabi/14.2.0/../../../../arm-none-eabi/lib/thumb/v7e-m+fp/hard/libc_nano.a(libc_a-wsetup.o)
 .ARM.attributes
                0x00000a03       0x34 /usr/lib/gcc/arm-none-eabi/14.2.0/../../../../arm-none-eabi/lib/thumb/v7e-m+fp/hard/libc_nano.a(libc_a-memset.o)
 .ARM.attributes
                0x00000a37       0x34 /usr/lib/gcc/arm-none-eabi/14.2.0/../../../../arm-none-eabi/lib/thumb/v7e-m+fp/hard/libc_nano.a(libc_a-signal.o)
 .ARM.attributes
                0x00000a6b       0x34 /usr/lib/gcc/arm-none-eabi/14.2.0/../../../../arm-none-eabi/lib/thumb/v7e-m+fp/hard/libc_nano.a(libc_a-localeconv.o)
 .ARM.attributes
                0x00000a9f       0x34 /usr/lib/gcc/arm-none-eabi/14.2.0/../../../../arm-none-eabi/lib/thumb/v7e-m+fp/hard/libc_nano.a(libc_a-closer.o)
 .ARM.attributes
                0x00000ad3       0x34 /usr/lib/gcc/arm-none-eabi/14.2.0/../../../../arm-none-eabi/lib/thumb/v7e-m+fp/hard/libc_nano.a(libc_a-reent.o)
 .ARM.attributes
                0x00000b07       0x34 /usr/lib/gcc/arm-none-eabi/14.2.0/../../../../arm-none-eabi/lib/thumb/v7e-m+fp/hard/libc_nano.a(libc_a-impure.o)
 .ARM.attributes
                0x00000b3b       0x34 /usr/lib/gcc/arm-none-eabi/14.2.0/../../../../arm-none-eabi/lib/thumb/v7e-m+fp/hard/libc_nano.a(libc_a-lseekr.o)
 .ARM.attributes
                0x00000b6f       0x34 /usr/lib/gcc/arm-none-eabi/14.2.0/../../../../arm-none-eabi/lib/thumb/v7e-m+fp/hard/libc_nano.a(libc_a-readr.o)
 .ARM.attributes
                0x00000ba3       0x34 /usr/lib/gcc/arm-none-eabi/14.2.0/../../../../arm-none-eabi/lib/thumb/v7e-m+fp/hard/libc_nano.a(libc_a-signalr.o)
 .ARM.attributes
                0x00000bd7       0x34 /usr/lib/gcc/arm-none-eabi/14.2.0/../../../../arm-none-eabi/lib/thumb/v7e-m+fp/hard/libc_nano.a(libc_a-sbrkr.o)
 .ARM.attributes
                0x00000c0b       0x34 /usr/lib/gcc/arm-none-eabi/14.2.0/../../../../arm-none-eabi/lib/thumb/v7e-m+fp/hard/libc_nano.a(libc_a-writer.o)
 .ARM.attributes
                0x00000c3f       0x34 /usr/lib/gcc/arm-none-eabi/14.2.0/../../../../arm-none-eabi/lib/thumb/v7e-m+fp/hard/libc_nano.a(libc_a-errno.o)
 .ARM.attributes
                0x00000c73       0x34 /usr/lib/gcc/arm-none-eabi/14.2.0/../../../../arm-none-eabi/lib/thumb/v7e-m+fp/hard/libc_nano.a(libc_a-init.o)
 .ARM.attributes
                0x00000ca7       0x34 /usr/lib/gcc/arm-none-eabi/14.2.0/../../../../arm-none-eabi/lib/thumb/v7e-m+fp/hard/libc_nano.a(libc_a-lock.o)
 .ARM.attributes
                0x00000cdb       0x1c /usr/lib/gcc/arm-none-eabi/14.2.0/../../../../arm-none-eabi/lib/thumb/v7e-m+fp/hard/libc_nano.a(libc_a-memchr.o)
 .ARM.attributes
                0x00000cf7       0x17 /usr/lib/gcc/arm-none-eabi/14.2.0/../../../../arm-none-eabi/lib/thumb/v7e-m+fp/hard/libc_nano.a(libc_a-strlen.o)
 .ARM.attributes
                0x00000d0e       0x34 /usr/lib/gcc/arm-none-eabi/14.2.0/../../../../arm-none-eabi/lib/thumb/v7e-m+fp/hard/libc_nano.a(libc_a-dtoa.o)
 .ARM.attributes
                0x00000d42       0x34 /usr/lib/gcc/arm-none-eabi/14.2.0/../../../../arm-none-eabi/lib/thumb/v7e-m+fp/hard/libc_nano.a(libc_a-freer.o)
 .ARM.attributes
                0x00000d76       0x34 /usr/lib/gcc/arm-none-eabi/14.2.0/../../../../arm-none-eabi/lib/thumb/v7e-m+fp/hard/libc_nano.a(libc_a-mprec.o)
 .ARM.attributes
                0x00000daa       0x34 /usr/lib/gcc/arm-none-eabi/14.2.0/../../../../arm-none-eabi/lib/thumb/v7e-m+fp/hard/libc_nano.a(libc_a-nano-vfprintf.o)
 .ARM.attributes
                0x00000dde       0x34 /usr/lib/gcc/arm-none-eabi/14.2.0/../../../../arm-none-eabi/lib/thumb/v7e-m+fp/hard/libc_nano.a(libc_a-fflush.o)
 .ARM.attributes
                0x00000e12       0x34 /usr/lib/gcc/arm-none-eabi/14.2.0/../../../../arm-none-eabi/lib/thumb/v7e-m+fp/hard/libc_nano.a(libc_a-makebuf.o)
 .ARM.attributes
                0x00000e46       0x34 /usr/lib/gcc/arm-none-eabi/14.2.0/../../../../arm-none-eabi/lib/thumb/v7e-m+fp/hard/libc_nano.a(libc_a-locale.o)
 .ARM.attributes
                0x00000e7a       0x34 /usr/lib/gcc/arm-none-eabi/14.2.0/../../../../arm-none-eabi/lib/thumb/v7e-m+fp/hard/libc_nano.a(libc_a-fstatr.o)
 .ARM.attributes
                0x00000eae       0x34 /usr/lib/gcc/arm-none-eabi/14.2.0/../../../../arm-none-eabi/lib/thumb/v7e-m+fp/hard/libc_nano.a(libc_a-isattyr.o)
 .ARM.attributes
                0x00000ee2       0x34 /usr/lib/gcc/arm-none-eabi/14.2.0/../../../../arm-none-eabi/lib/thumb/v7e-m+fp/hard/libc_nano.a(libc_a-memcpy-stub.o)
 .ARM.attributes
                0x00000f16       0x34 /usr/lib/gcc/arm-none-eabi/14.2.0/../../../../arm-none-eabi/lib/thumb/v7e-m+fp/hard/libc_nano.a(libc_a-assert.o)
 .ARM.attributes
                0x00000f4a       0x34 /usr/lib/gcc/arm-none-eabi/14.2.0/../../../../arm-none-eabi/lib/thumb/v7e-m+fp/hard/libc_nano.a(libc_a-callocr.o)
 .ARM.attributes
                0x00000f7e       0x34 /usr/lib/gcc/arm-none-eabi/14.2.0/../../../../arm-none-eabi/lib/thumb/v7e-m+fp/hard/libc_nano.a(libc_a-mbtowc_r.o)
 .ARM.attributes
                0x00000fb2       0x34 /usr/lib/gcc/arm-none-eabi/14.2.0/../../../../arm-none-eabi/lib/thumb/v7e-m+fp/hard/libc_nano.a(libc_a-wctomb_r.o)
 .ARM.attributes
                0x00000fe6       0x34 /usr/lib/gcc/arm-none-eabi/14.2.0/../../../../arm-none-eabi/lib/thumb/v7e-m+fp/hard/libc_nano.a(libc_a-ctype_.o)
 .ARM.attributes
                0x0000101a       0x34 /usr/lib/gcc/arm-none-eabi/14.2.0/../../../../arm-none-eabi/lib/thumb/v7e-m+fp/hard/libc_nano.a(libc_a-fprintf.o)
 .ARM.attributes
                0x0000104e       0x22 /usr/lib/gcc/arm-none-eabi/14.2.0/thumb/v7e-m+fp/hard/libgcc.a(_arm_addsubdf3.o)
 .ARM.attributes
                0x00001070       0x22 /usr/lib/gcc/arm-none-eabi/14.2.0/thumb/v7e-m+fp/hard/libgcc.a(_arm_muldivdf3.o)
 .ARM.attributes
                0x00001092       0x22 /usr/lib/gcc/arm-none-eabi/14.2.0/thumb/v7e-m+fp/hard/libgcc.a(_arm_cmpdf2.o)
 .ARM.attributes
                0x000010b4       0x22 /usr/lib/gcc/arm-none-eabi/14.2.0/thumb/v7e-m+fp/hard/libgcc.a(_arm_unorddf2.o)
 .ARM.attributes
                0x000010d6       0x22 /usr/lib/gcc/arm-none-eabi/14.2.0/thumb/v7e-m+fp/hard/libgcc.a(_arm_fixdfsi.o)
 .ARM.attributes
                0x000010f8       0x22 /usr/lib/gcc/arm-none-eabi/14.2.0/thumb/v7e-m+fp/hard/crtn.o

.comment        0x00000000       0x1e
 .comment       0x00000000       0x1e cmake/stm32cubemx/CMakeFiles/STM32_Drivers.dir/__/__/Core/Src/system_stm32f3xx.c.obj
                                 0x1f (size before relaxing)
 .comment       0x0000001e       0x1f cmake/stm32cubemx/CMakeFiles/STM32_Drivers.dir/__/__/Drivers/STM32F3xx_HAL_Driver/Src/stm32f3xx_hal_adc.c.obj
 .comment       0x0000001e       0x1f cmake/stm32cubemx/CMakeFiles/STM32_Drivers.dir/__/__/Drivers/STM32F3xx_HAL_Driver/Src/stm32f3xx_hal_adc_ex.c.obj
 .comment       0x0000001e       0x1f cmake/stm32cubemx/CMakeFiles/STM32_Drivers.dir/__/__/Drivers/STM32F3xx_HAL_Driver/Src/stm32f3xx_hal.c.obj
 .comment       0x0000001e       0x1f cmake/stm32cubemx/CMakeFiles/STM32_Drivers.dir/__/__/Drivers/STM32F3xx_HAL_Driver/Src/stm32f3xx_hal_rcc.c.obj
 .comment       0x0000001e       0x1f cmake/stm32cubemx/CMakeFiles/STM32_Drivers.dir/__/__/Drivers/STM32F3xx_HAL_Driver/Src/stm32f3xx_hal_rcc_ex.c.obj
 .comment       0x0000001e       0x1f cmake/stm32cubemx/CMakeFiles/STM32_Drivers.dir/__/__/Drivers/STM32F3xx_HAL_Driver/Src/stm32f3xx_hal_gpio.c.obj
 .comment       0x0000001e       0x1f cmake/stm32cubemx/CMakeFiles/STM32_Drivers.dir/__/__/Drivers/STM32F3xx_HAL_Driver/Src/stm32f3xx_hal_dma.c.obj
 .comment       0x0000001e       0x1f cmake/stm32cubemx/CMakeFiles/STM32_Drivers.dir/__/__/Drivers/STM32F3xx_HAL_Driver/Src/stm32f3xx_hal_cortex.c.obj
 .comment       0x0000001e       0x1f cmake/stm32cubemx/CMakeFiles/STM32_Drivers.dir/__/__/Drivers/STM32F3xx_HAL_Driver/Src/stm32f3xx_hal_tim.c.obj
 .comment       0x0000001e       0x1f cmake/stm32cubemx/CMakeFiles/STM32_Drivers.dir/__/__/Drivers/STM32F3xx_HAL_Driver/Src/stm32f3xx_hal_tim_ex.c.obj
 .comment       0x0000001e       0x1f cmake/stm32cubemx/CMakeFiles/STM32_Drivers.dir/__/__/Drivers/STM32F3xx_HAL_Driver/Src/stm32f3xx_hal_uart.c.obj
 .comment       0x0000001e       0x1f CMakeFiles/InvertedPendulum-STM32.dir/Core/Src/main.c.obj
 .comment       0x0000001e       0x1f CMakeFiles/InvertedPendulum-STM32.dir/Core/Src/gpio.c.obj
 .comment       0x0000001e       0x1f CMakeFiles/InvertedPendulum-STM32.dir/Core/Src/adc.c.obj
 .comment       0x0000001e       0x1f CMakeFiles/InvertedPendulum-STM32.dir/Core/Src/dma.c.obj
 .comment       0x0000001e       0x1f CMakeFiles/InvertedPendulum-STM32.dir/Core/Src/tim.c.obj
 .comment       0x0000001e       0x1f CMakeFiles/InvertedPendulum-STM32.dir/Core/Src/usart.c.obj
 .comment       0x0000001e       0x1f CMakeFiles/InvertedPendulum-STM32.dir/Core/Src/stm32f3xx_it.c.obj
 .comment       0x0000001e       0x1f CMakeFiles/InvertedPendulum-STM32.dir/Core/Src/stm32f3xx_hal_msp.c.obj
 .comment       0x0000001e       0x1f CMakeFiles/InvertedPendulum-STM32.dir/Core/Src/sysmem.c.obj
 .comment       0x0000001e       0x1f CMakeFiles/InvertedPendulum-STM32.dir/Core/Src/syscalls.c.obj
 .comment       0x0000001e       0x1f CMakeFiles/InvertedPendulum-STM32.dir/Core/App/Src/app_wrapper.cpp.obj
 .comment       0x0000001e       0x1f CMakeFiles/InvertedPendulum-STM32.dir/Core/App/Src/pid.cpp.obj
 .comment       0x0000001e       0x1f CMakeFiles/InvertedPendulum-STM32.dir/Core/App/Src/lpf.cpp.obj
 .comment       0x0000001e       0x1f CMakeFiles/InvertedPendulum-STM32.dir/Core/App/Src/motor_observer.cpp.obj
 .comment       0x0000001e       0x1f CMakeFiles/InvertedPendulum-STM32.dir/Core/App/Lib/QEI/qei.c.obj
 .comment       0x0000001e       0x1f CMakeFiles/InvertedPendulum-STM32.dir/Core/App/Lib/MATLAB/feedback_controller.cpp.obj
 .comment       0x0000001e       0x1f CMakeFiles/InvertedPendulum-STM32.dir/Core/App/Test/test_framework.cpp.obj
 .comment       0x0000001e       0x1f CMakeFiles/InvertedPendulum-STM32.dir/Core/App/Test/test_main.cpp.obj
 .comment       0x0000001e       0x1f /usr/lib/gcc/arm-none-eabi/14.2.0/../../../../arm-none-eabi/lib/thumb/v7e-m+fp/hard/libstdc++_nano.a(new_op.o)
 .comment       0x0000001e       0x1f /usr/lib/gcc/arm-none-eabi/14.2.0/../../../../arm-none-eabi/lib/thumb/v7e-m+fp/hard/libstdc++_nano.a(new_handler.o)
 .comment       0x0000001e       0x1f /usr/lib/gcc/arm-none-eabi/14.2.0/../../../../arm-none-eabi/lib/thumb/v7e-m+fp/hard/libc_nano.a(libc_a-abort.o)
 .comment       0x0000001e       0x1f /usr/lib/gcc/arm-none-eabi/14.2.0/../../../../arm-none-eabi/lib/thumb/v7e-m+fp/hard/libc_nano.a(libc_a-malloc.o)
 .comment       0x0000001e       0x1f /usr/lib/gcc/arm-none-eabi/14.2.0/../../../../arm-none-eabi/lib/thumb/v7e-m+fp/hard/libc_nano.a(libc_a-mallocr.o)
 .comment       0x0000001e       0x1f /usr/lib/gcc/arm-none-eabi/14.2.0/../../../../arm-none-eabi/lib/thumb/v7e-m+fp/hard/libc_nano.a(libc_a-mlock.o)